<!doctype html public "-//w3c//dtd html 4.0 transitional//en">
<html><head>
<title>Static Call Graph - [.\_build\device_pca10028.axf]</title></head>
<body><HR>
<H1>Static Call Graph for image .\_build\device_pca10028.axf</H1><HR>
<BR><P>#&#060CALLGRAPH&#062# ARM Linker, 5050106: Last Updated: Wed Jan 11 14:10:33 2017
<BR><P>
<H3>Maximum Stack Usage =         96 bytes + Unknown(Cycles, Untraceable Function Pointers)</H3><H3>
Call chain for Maximum Stack Depth:</H3>
nrf_esb_event_handler &rArr; enter_normal_mode &rArr; esb_init &rArr; nrf_esb_init &rArr; initialize_fifos
<P>
<H3>
Mutually Recursive functions
</H3> <LI><a href="#[1]">NMI_Handler</a>&nbsp;&nbsp;&nbsp;&rArr;&nbsp;&nbsp;&nbsp;<a href="#[1]">NMI_Handler</a><BR>
 <LI><a href="#[2]">HardFault_Handler</a>&nbsp;&nbsp;&nbsp;&rArr;&nbsp;&nbsp;&nbsp;<a href="#[2]">HardFault_Handler</a><BR>
 <LI><a href="#[3]">SVC_Handler</a>&nbsp;&nbsp;&nbsp;&rArr;&nbsp;&nbsp;&nbsp;<a href="#[3]">SVC_Handler</a><BR>
 <LI><a href="#[4]">PendSV_Handler</a>&nbsp;&nbsp;&nbsp;&rArr;&nbsp;&nbsp;&nbsp;<a href="#[4]">PendSV_Handler</a><BR>
 <LI><a href="#[5]">SysTick_Handler</a>&nbsp;&nbsp;&nbsp;&rArr;&nbsp;&nbsp;&nbsp;<a href="#[5]">SysTick_Handler</a><BR>
 <LI><a href="#[c]">ADC_IRQHandler</a>&nbsp;&nbsp;&nbsp;&rArr;&nbsp;&nbsp;&nbsp;<a href="#[c]">ADC_IRQHandler</a><BR>
</UL>
<P>
<H3>
Function Pointers
</H3><UL>
 <LI><a href="#[c]">ADC_IRQHandler</a> from arm_startup_nrf51.o(.text) referenced from arm_startup_nrf51.o(RESET)
 <LI><a href="#[14]">CCM_AAR_IRQHandler</a> from arm_startup_nrf51.o(.text) referenced from arm_startup_nrf51.o(RESET)
 <LI><a href="#[13]">ECB_IRQHandler</a> from arm_startup_nrf51.o(.text) referenced from arm_startup_nrf51.o(RESET)
 <LI><a href="#[b]">GPIOTE_IRQHandler</a> from arm_startup_nrf51.o(.text) referenced from arm_startup_nrf51.o(RESET)
 <LI><a href="#[2]">HardFault_Handler</a> from arm_startup_nrf51.o(.text) referenced from arm_startup_nrf51.o(RESET)
 <LI><a href="#[18]">LPCOMP_IRQHandler</a> from arm_startup_nrf51.o(.text) referenced from arm_startup_nrf51.o(RESET)
 <LI><a href="#[1]">NMI_Handler</a> from arm_startup_nrf51.o(.text) referenced from arm_startup_nrf51.o(RESET)
 <LI><a href="#[6]">POWER_CLOCK_IRQHandler</a> from arm_startup_nrf51.o(.text) referenced from arm_startup_nrf51.o(RESET)
 <LI><a href="#[4]">PendSV_Handler</a> from arm_startup_nrf51.o(.text) referenced from arm_startup_nrf51.o(RESET)
 <LI><a href="#[17]">QDEC_IRQHandler</a> from arm_startup_nrf51.o(.text) referenced from arm_startup_nrf51.o(RESET)
 <LI><a href="#[7]">RADIO_IRQHandler</a> from nrf_esb.o(i.RADIO_IRQHandler) referenced from arm_startup_nrf51.o(RESET)
 <LI><a href="#[12]">RNG_IRQHandler</a> from arm_startup_nrf51.o(.text) referenced from arm_startup_nrf51.o(RESET)
 <LI><a href="#[10]">RTC0_IRQHandler</a> from arm_startup_nrf51.o(.text) referenced from arm_startup_nrf51.o(RESET)
 <LI><a href="#[16]">RTC1_IRQHandler</a> from arm_startup_nrf51.o(.text) referenced from arm_startup_nrf51.o(RESET)
 <LI><a href="#[0]">Reset_Handler</a> from arm_startup_nrf51.o(.text) referenced from arm_startup_nrf51.o(RESET)
 <LI><a href="#[9]">SPI0_TWI0_IRQHandler</a> from arm_startup_nrf51.o(.text) referenced from arm_startup_nrf51.o(RESET)
 <LI><a href="#[a]">SPI1_TWI1_IRQHandler</a> from arm_startup_nrf51.o(.text) referenced from arm_startup_nrf51.o(RESET)
 <LI><a href="#[3]">SVC_Handler</a> from arm_startup_nrf51.o(.text) referenced from arm_startup_nrf51.o(RESET)
 <LI><a href="#[19]">SWI0_IRQHandler</a> from nrf_esb.o(i.SWI0_IRQHandler) referenced from arm_startup_nrf51.o(RESET)
 <LI><a href="#[1a]">SWI1_IRQHandler</a> from arm_startup_nrf51.o(.text) referenced from arm_startup_nrf51.o(RESET)
 <LI><a href="#[1b]">SWI2_IRQHandler</a> from arm_startup_nrf51.o(.text) referenced from arm_startup_nrf51.o(RESET)
 <LI><a href="#[1c]">SWI3_IRQHandler</a> from arm_startup_nrf51.o(.text) referenced from arm_startup_nrf51.o(RESET)
 <LI><a href="#[1d]">SWI4_IRQHandler</a> from arm_startup_nrf51.o(.text) referenced from arm_startup_nrf51.o(RESET)
 <LI><a href="#[1e]">SWI5_IRQHandler</a> from arm_startup_nrf51.o(.text) referenced from arm_startup_nrf51.o(RESET)
 <LI><a href="#[5]">SysTick_Handler</a> from arm_startup_nrf51.o(.text) referenced from arm_startup_nrf51.o(RESET)
 <LI><a href="#[20]">SystemInit</a> from system_nrf51.o(i.SystemInit) referenced from arm_startup_nrf51.o(.text)
 <LI><a href="#[11]">TEMP_IRQHandler</a> from arm_startup_nrf51.o(.text) referenced from arm_startup_nrf51.o(RESET)
 <LI><a href="#[d]">TIMER0_IRQHandler</a> from main.o(i.TIMER0_IRQHandler) referenced from arm_startup_nrf51.o(RESET)
 <LI><a href="#[e]">TIMER1_IRQHandler</a> from arm_startup_nrf51.o(.text) referenced from arm_startup_nrf51.o(RESET)
 <LI><a href="#[f]">TIMER2_IRQHandler</a> from arm_startup_nrf51.o(.text) referenced from arm_startup_nrf51.o(RESET)
 <LI><a href="#[8]">UART0_IRQHandler</a> from nrf_drv_uart.o(i.UART0_IRQHandler) referenced from arm_startup_nrf51.o(RESET)
 <LI><a href="#[15]">WDT_IRQHandler</a> from arm_startup_nrf51.o(.text) referenced from arm_startup_nrf51.o(RESET)
 <LI><a href="#[21]">__main</a> from entry.o(.ARM.Collect$$$$00000000) referenced from arm_startup_nrf51.o(.text)
 <LI><a href="#[1f]">main</a> from main.o(i.main) referenced from entry9a.o(.ARM.Collect$$$$0000000B)
 <LI><a href="#[22]">nrf_esb_event_handler</a> from main.o(i.nrf_esb_event_handler) referenced from main.o(i.esb_init)
 <LI><a href="#[23]">on_radio_disabled_rx</a> from nrf_esb.o(i.on_radio_disabled_rx) referenced from nrf_esb.o(i.nrf_esb_start_rx)
 <LI><a href="#[23]">on_radio_disabled_rx</a> from nrf_esb.o(i.on_radio_disabled_rx) referenced from nrf_esb.o(i.on_radio_disabled_rx_ack)
 <LI><a href="#[24]">on_radio_disabled_rx_ack</a> from nrf_esb.o(i.on_radio_disabled_rx_ack) referenced from nrf_esb.o(i.on_radio_disabled_rx)
 <LI><a href="#[26]">on_radio_disabled_tx</a> from nrf_esb.o(i.on_radio_disabled_tx) referenced from nrf_esb.o(i.on_radio_disabled_tx_wait_for_ack)
 <LI><a href="#[26]">on_radio_disabled_tx</a> from nrf_esb.o(i.on_radio_disabled_tx) referenced from nrf_esb.o(i.start_tx_transaction)
 <LI><a href="#[27]">on_radio_disabled_tx_noack</a> from nrf_esb.o(i.on_radio_disabled_tx_noack) referenced from nrf_esb.o(i.start_tx_transaction)
 <LI><a href="#[25]">on_radio_disabled_tx_wait_for_ack</a> from nrf_esb.o(i.on_radio_disabled_tx_wait_for_ack) referenced from nrf_esb.o(i.on_radio_disabled_tx)
 <LI><a href="#[29]">update_rf_payload_format_esb</a> from nrf_esb.o(i.update_rf_payload_format_esb) referenced from nrf_esb.o(i.update_radio_protocol)
 <LI><a href="#[28]">update_rf_payload_format_esb_dpl</a> from nrf_esb.o(i.update_rf_payload_format_esb_dpl) referenced from nrf_esb.o(i.update_radio_protocol)
</UL>
<P>
<H3>
Global Symbols
</H3>
<P><STRONG><a name="[21]"></a>__main</STRONG> (Thumb, 0 bytes, Stack size unknown bytes, entry.o(.ARM.Collect$$$$00000000))
<BR>[Address Reference Count : 1]<UL><LI> arm_startup_nrf51.o(.text)
</UL>
<P><STRONG><a name="[7c]"></a>_main_stk</STRONG> (Thumb, 0 bytes, Stack size unknown bytes, entry2.o(.ARM.Collect$$$$00000001))

<P><STRONG><a name="[2a]"></a>_main_scatterload</STRONG> (Thumb, 0 bytes, Stack size unknown bytes, entry5.o(.ARM.Collect$$$$00000004))
<BR><BR>[Calls]<UL><LI><a href="#[2b]">&gt;&gt;</a>&nbsp;&nbsp;&nbsp;__scatterload
</UL>

<P><STRONG><a name="[2f]"></a>__main_after_scatterload</STRONG> (Thumb, 0 bytes, Stack size unknown bytes, entry5.o(.ARM.Collect$$$$00000004))
<BR><BR>[Called By]<UL><LI><a href="#[2b]">&gt;&gt;</a>&nbsp;&nbsp;&nbsp;__scatterload
</UL>

<P><STRONG><a name="[7d]"></a>_main_clock</STRONG> (Thumb, 0 bytes, Stack size unknown bytes, entry7b.o(.ARM.Collect$$$$00000008))

<P><STRONG><a name="[7e]"></a>_main_cpp_init</STRONG> (Thumb, 0 bytes, Stack size unknown bytes, entry8b.o(.ARM.Collect$$$$0000000A))

<P><STRONG><a name="[7f]"></a>_main_init</STRONG> (Thumb, 0 bytes, Stack size unknown bytes, entry9a.o(.ARM.Collect$$$$0000000B))

<P><STRONG><a name="[80]"></a>__rt_final_cpp</STRONG> (Thumb, 0 bytes, Stack size unknown bytes, entry10a.o(.ARM.Collect$$$$0000000D))

<P><STRONG><a name="[81]"></a>__rt_final_exit</STRONG> (Thumb, 0 bytes, Stack size unknown bytes, entry11a.o(.ARM.Collect$$$$0000000F))

<P><STRONG><a name="[0]"></a>Reset_Handler</STRONG> (Thumb, 26 bytes, Stack size 0 bytes, arm_startup_nrf51.o(.text))
<BR>[Address Reference Count : 1]<UL><LI> arm_startup_nrf51.o(RESET)
</UL>
<P><STRONG><a name="[1]"></a>NMI_Handler</STRONG> (Thumb, 2 bytes, Stack size 0 bytes, arm_startup_nrf51.o(.text))
<BR><BR>[Calls]<UL><LI><a href="#[1]">&gt;&gt;</a>&nbsp;&nbsp;&nbsp;NMI_Handler
</UL>
<BR>[Called By]<UL><LI><a href="#[1]">&gt;&gt;</a>&nbsp;&nbsp;&nbsp;NMI_Handler
</UL>
<BR>[Address Reference Count : 1]<UL><LI> arm_startup_nrf51.o(RESET)
</UL>
<P><STRONG><a name="[2]"></a>HardFault_Handler</STRONG> (Thumb, 2 bytes, Stack size 0 bytes, arm_startup_nrf51.o(.text))
<BR><BR>[Calls]<UL><LI><a href="#[2]">&gt;&gt;</a>&nbsp;&nbsp;&nbsp;HardFault_Handler
</UL>
<BR>[Called By]<UL><LI><a href="#[2]">&gt;&gt;</a>&nbsp;&nbsp;&nbsp;HardFault_Handler
</UL>
<BR>[Address Reference Count : 1]<UL><LI> arm_startup_nrf51.o(RESET)
</UL>
<P><STRONG><a name="[3]"></a>SVC_Handler</STRONG> (Thumb, 2 bytes, Stack size 0 bytes, arm_startup_nrf51.o(.text))
<BR><BR>[Calls]<UL><LI><a href="#[3]">&gt;&gt;</a>&nbsp;&nbsp;&nbsp;SVC_Handler
</UL>
<BR>[Called By]<UL><LI><a href="#[3]">&gt;&gt;</a>&nbsp;&nbsp;&nbsp;SVC_Handler
</UL>
<BR>[Address Reference Count : 1]<UL><LI> arm_startup_nrf51.o(RESET)
</UL>
<P><STRONG><a name="[4]"></a>PendSV_Handler</STRONG> (Thumb, 2 bytes, Stack size 0 bytes, arm_startup_nrf51.o(.text))
<BR><BR>[Calls]<UL><LI><a href="#[4]">&gt;&gt;</a>&nbsp;&nbsp;&nbsp;PendSV_Handler
</UL>
<BR>[Called By]<UL><LI><a href="#[4]">&gt;&gt;</a>&nbsp;&nbsp;&nbsp;PendSV_Handler
</UL>
<BR>[Address Reference Count : 1]<UL><LI> arm_startup_nrf51.o(RESET)
</UL>
<P><STRONG><a name="[5]"></a>SysTick_Handler</STRONG> (Thumb, 2 bytes, Stack size 0 bytes, arm_startup_nrf51.o(.text))
<BR><BR>[Calls]<UL><LI><a href="#[5]">&gt;&gt;</a>&nbsp;&nbsp;&nbsp;SysTick_Handler
</UL>
<BR>[Called By]<UL><LI><a href="#[5]">&gt;&gt;</a>&nbsp;&nbsp;&nbsp;SysTick_Handler
</UL>
<BR>[Address Reference Count : 1]<UL><LI> arm_startup_nrf51.o(RESET)
</UL>
<P><STRONG><a name="[c]"></a>ADC_IRQHandler</STRONG> (Thumb, 0 bytes, Stack size 0 bytes, arm_startup_nrf51.o(.text))
<BR><BR>[Calls]<UL><LI><a href="#[c]">&gt;&gt;</a>&nbsp;&nbsp;&nbsp;ADC_IRQHandler
</UL>
<BR>[Called By]<UL><LI><a href="#[c]">&gt;&gt;</a>&nbsp;&nbsp;&nbsp;ADC_IRQHandler
</UL>
<BR>[Address Reference Count : 1]<UL><LI> arm_startup_nrf51.o(RESET)
</UL>
<P><STRONG><a name="[14]"></a>CCM_AAR_IRQHandler</STRONG> (Thumb, 0 bytes, Stack size 0 bytes, arm_startup_nrf51.o(.text))
<BR>[Address Reference Count : 1]<UL><LI> arm_startup_nrf51.o(RESET)
</UL>
<P><STRONG><a name="[13]"></a>ECB_IRQHandler</STRONG> (Thumb, 0 bytes, Stack size 0 bytes, arm_startup_nrf51.o(.text))
<BR>[Address Reference Count : 1]<UL><LI> arm_startup_nrf51.o(RESET)
</UL>
<P><STRONG><a name="[b]"></a>GPIOTE_IRQHandler</STRONG> (Thumb, 0 bytes, Stack size 0 bytes, arm_startup_nrf51.o(.text))
<BR>[Address Reference Count : 1]<UL><LI> arm_startup_nrf51.o(RESET)
</UL>
<P><STRONG><a name="[18]"></a>LPCOMP_IRQHandler</STRONG> (Thumb, 0 bytes, Stack size 0 bytes, arm_startup_nrf51.o(.text))
<BR>[Address Reference Count : 1]<UL><LI> arm_startup_nrf51.o(RESET)
</UL>
<P><STRONG><a name="[6]"></a>POWER_CLOCK_IRQHandler</STRONG> (Thumb, 0 bytes, Stack size 0 bytes, arm_startup_nrf51.o(.text))
<BR>[Address Reference Count : 1]<UL><LI> arm_startup_nrf51.o(RESET)
</UL>
<P><STRONG><a name="[17]"></a>QDEC_IRQHandler</STRONG> (Thumb, 0 bytes, Stack size 0 bytes, arm_startup_nrf51.o(.text))
<BR>[Address Reference Count : 1]<UL><LI> arm_startup_nrf51.o(RESET)
</UL>
<P><STRONG><a name="[12]"></a>RNG_IRQHandler</STRONG> (Thumb, 0 bytes, Stack size 0 bytes, arm_startup_nrf51.o(.text))
<BR>[Address Reference Count : 1]<UL><LI> arm_startup_nrf51.o(RESET)
</UL>
<P><STRONG><a name="[10]"></a>RTC0_IRQHandler</STRONG> (Thumb, 0 bytes, Stack size 0 bytes, arm_startup_nrf51.o(.text))
<BR>[Address Reference Count : 1]<UL><LI> arm_startup_nrf51.o(RESET)
</UL>
<P><STRONG><a name="[16]"></a>RTC1_IRQHandler</STRONG> (Thumb, 0 bytes, Stack size 0 bytes, arm_startup_nrf51.o(.text))
<BR>[Address Reference Count : 1]<UL><LI> arm_startup_nrf51.o(RESET)
</UL>
<P><STRONG><a name="[9]"></a>SPI0_TWI0_IRQHandler</STRONG> (Thumb, 0 bytes, Stack size 0 bytes, arm_startup_nrf51.o(.text))
<BR>[Address Reference Count : 1]<UL><LI> arm_startup_nrf51.o(RESET)
</UL>
<P><STRONG><a name="[a]"></a>SPI1_TWI1_IRQHandler</STRONG> (Thumb, 0 bytes, Stack size 0 bytes, arm_startup_nrf51.o(.text))
<BR>[Address Reference Count : 1]<UL><LI> arm_startup_nrf51.o(RESET)
</UL>
<P><STRONG><a name="[1a]"></a>SWI1_IRQHandler</STRONG> (Thumb, 0 bytes, Stack size 0 bytes, arm_startup_nrf51.o(.text))
<BR>[Address Reference Count : 1]<UL><LI> arm_startup_nrf51.o(RESET)
</UL>
<P><STRONG><a name="[1b]"></a>SWI2_IRQHandler</STRONG> (Thumb, 0 bytes, Stack size 0 bytes, arm_startup_nrf51.o(.text))
<BR>[Address Reference Count : 1]<UL><LI> arm_startup_nrf51.o(RESET)
</UL>
<P><STRONG><a name="[1c]"></a>SWI3_IRQHandler</STRONG> (Thumb, 0 bytes, Stack size 0 bytes, arm_startup_nrf51.o(.text))
<BR>[Address Reference Count : 1]<UL><LI> arm_startup_nrf51.o(RESET)
</UL>
<P><STRONG><a name="[1d]"></a>SWI4_IRQHandler</STRONG> (Thumb, 0 bytes, Stack size 0 bytes, arm_startup_nrf51.o(.text))
<BR>[Address Reference Count : 1]<UL><LI> arm_startup_nrf51.o(RESET)
</UL>
<P><STRONG><a name="[1e]"></a>SWI5_IRQHandler</STRONG> (Thumb, 0 bytes, Stack size 0 bytes, arm_startup_nrf51.o(.text))
<BR>[Address Reference Count : 1]<UL><LI> arm_startup_nrf51.o(RESET)
</UL>
<P><STRONG><a name="[11]"></a>TEMP_IRQHandler</STRONG> (Thumb, 0 bytes, Stack size 0 bytes, arm_startup_nrf51.o(.text))
<BR>[Address Reference Count : 1]<UL><LI> arm_startup_nrf51.o(RESET)
</UL>
<P><STRONG><a name="[e]"></a>TIMER1_IRQHandler</STRONG> (Thumb, 0 bytes, Stack size 0 bytes, arm_startup_nrf51.o(.text))
<BR>[Address Reference Count : 1]<UL><LI> arm_startup_nrf51.o(RESET)
</UL>
<P><STRONG><a name="[f]"></a>TIMER2_IRQHandler</STRONG> (Thumb, 0 bytes, Stack size 0 bytes, arm_startup_nrf51.o(.text))
<BR>[Address Reference Count : 1]<UL><LI> arm_startup_nrf51.o(RESET)
</UL>
<P><STRONG><a name="[15]"></a>WDT_IRQHandler</STRONG> (Thumb, 0 bytes, Stack size 0 bytes, arm_startup_nrf51.o(.text))
<BR>[Address Reference Count : 1]<UL><LI> arm_startup_nrf51.o(RESET)
</UL>
<P><STRONG><a name="[3b]"></a>__aeabi_memcpy</STRONG> (Thumb, 36 bytes, Stack size 0 bytes, memcpya.o(.text))
<BR><BR>[Called By]<UL><LI><a href="#[23]">&gt;&gt;</a>&nbsp;&nbsp;&nbsp;on_radio_disabled_rx
<LI><a href="#[67]">&gt;&gt;</a>&nbsp;&nbsp;&nbsp;nrf_esb_write_payload
<LI><a href="#[55]">&gt;&gt;</a>&nbsp;&nbsp;&nbsp;nrf_esb_set_prefixes
<LI><a href="#[42]">&gt;&gt;</a>&nbsp;&nbsp;&nbsp;nrf_esb_set_base_address_1
<LI><a href="#[54]">&gt;&gt;</a>&nbsp;&nbsp;&nbsp;nrf_esb_set_base_address_0
<LI><a href="#[5c]">&gt;&gt;</a>&nbsp;&nbsp;&nbsp;nrf_esb_read_rx_payload
<LI><a href="#[22]">&gt;&gt;</a>&nbsp;&nbsp;&nbsp;nrf_esb_event_handler
<LI><a href="#[3f]">&gt;&gt;</a>&nbsp;&nbsp;&nbsp;enter_normal_mode
<LI><a href="#[34]">&gt;&gt;</a>&nbsp;&nbsp;&nbsp;do_pairing
<LI><a href="#[68]">&gt;&gt;</a>&nbsp;&nbsp;&nbsp;start_tx_transaction
<LI><a href="#[6b]">&gt;&gt;</a>&nbsp;&nbsp;&nbsp;rx_fifo_push_rfbuf
</UL>

<P><STRONG><a name="[45]"></a>__aeabi_memcpy4</STRONG> (Thumb, 0 bytes, Stack size 0 bytes, memcpya.o(.text))
<BR><BR>[Called By]<UL><LI><a href="#[46]">&gt;&gt;</a>&nbsp;&nbsp;&nbsp;nrf_esb_init
<LI><a href="#[3a]">&gt;&gt;</a>&nbsp;&nbsp;&nbsp;esb_init
</UL>

<P><STRONG><a name="[82]"></a>__aeabi_memcpy8</STRONG> (Thumb, 0 bytes, Stack size 0 bytes, memcpya.o(.text), UNUSED)

<P><STRONG><a name="[2d]"></a>__aeabi_memset</STRONG> (Thumb, 14 bytes, Stack size 0 bytes, memseta.o(.text))
<BR><BR>[Called By]<UL><LI><a href="#[2e]">&gt;&gt;</a>&nbsp;&nbsp;&nbsp;_memset$wrapper
<LI><a href="#[2c]">&gt;&gt;</a>&nbsp;&nbsp;&nbsp;__aeabi_memclr
</UL>

<P><STRONG><a name="[83]"></a>__aeabi_memset4</STRONG> (Thumb, 0 bytes, Stack size 0 bytes, memseta.o(.text), UNUSED)

<P><STRONG><a name="[84]"></a>__aeabi_memset8</STRONG> (Thumb, 0 bytes, Stack size 0 bytes, memseta.o(.text), UNUSED)

<P><STRONG><a name="[2c]"></a>__aeabi_memclr</STRONG> (Thumb, 4 bytes, Stack size 0 bytes, memseta.o(.text))
<BR><BR>[Calls]<UL><LI><a href="#[2d]">&gt;&gt;</a>&nbsp;&nbsp;&nbsp;__aeabi_memset
</UL>
<BR>[Called By]<UL><LI><a href="#[46]">&gt;&gt;</a>&nbsp;&nbsp;&nbsp;nrf_esb_init
<LI><a href="#[56]">&gt;&gt;</a>&nbsp;&nbsp;&nbsp;nrf_esb_disable
</UL>

<P><STRONG><a name="[57]"></a>__aeabi_memclr4</STRONG> (Thumb, 0 bytes, Stack size 0 bytes, memseta.o(.text))
<BR><BR>[Called By]<UL><LI><a href="#[46]">&gt;&gt;</a>&nbsp;&nbsp;&nbsp;nrf_esb_init
<LI><a href="#[56]">&gt;&gt;</a>&nbsp;&nbsp;&nbsp;nrf_esb_disable
</UL>

<P><STRONG><a name="[85]"></a>__aeabi_memclr8</STRONG> (Thumb, 0 bytes, Stack size 0 bytes, memseta.o(.text), UNUSED)

<P><STRONG><a name="[2e]"></a>_memset$wrapper</STRONG> (Thumb, 18 bytes, Stack size 8 bytes, memseta.o(.text), UNUSED)
<BR><BR>[Calls]<UL><LI><a href="#[2d]">&gt;&gt;</a>&nbsp;&nbsp;&nbsp;__aeabi_memset
</UL>

<P><STRONG><a name="[2b]"></a>__scatterload</STRONG> (Thumb, 28 bytes, Stack size 0 bytes, init.o(.text))
<BR><BR>[Calls]<UL><LI><a href="#[2f]">&gt;&gt;</a>&nbsp;&nbsp;&nbsp;__main_after_scatterload
</UL>
<BR>[Called By]<UL><LI><a href="#[2a]">&gt;&gt;</a>&nbsp;&nbsp;&nbsp;_main_scatterload
</UL>

<P><STRONG><a name="[86]"></a>__scatterload_rt2</STRONG> (Thumb, 0 bytes, Stack size 0 bytes, init.o(.text), UNUSED)

<P><STRONG><a name="[7]"></a>RADIO_IRQHandler</STRONG> (Thumb, 110 bytes, Stack size 8 bytes, nrf_esb.o(i.RADIO_IRQHandler))
<BR><BR>[Stack]<UL><LI>Max Depth = 8<LI>Call Chain = RADIO_IRQHandler
</UL>
<BR>[Address Reference Count : 1]<UL><LI> arm_startup_nrf51.o(RESET)
</UL>
<P><STRONG><a name="[19]"></a>SWI0_IRQHandler</STRONG> (Thumb, 102 bytes, Stack size 24 bytes, nrf_esb.o(i.SWI0_IRQHandler))
<BR><BR>[Stack]<UL><LI>Max Depth = 32<LI>Call Chain = SWI0_IRQHandler &rArr; nrf_esb_get_clear_interrupts
</UL>
<BR>[Calls]<UL><LI><a href="#[30]">&gt;&gt;</a>&nbsp;&nbsp;&nbsp;nrf_esb_get_clear_interrupts
</UL>
<BR>[Address Reference Count : 1]<UL><LI> arm_startup_nrf51.o(RESET)
</UL>
<P><STRONG><a name="[20]"></a>SystemInit</STRONG> (Thumb, 76 bytes, Stack size 8 bytes, system_nrf51.o(i.SystemInit))
<BR><BR>[Stack]<UL><LI>Max Depth = 8<LI>Call Chain = SystemInit
</UL>
<BR>[Calls]<UL><LI><a href="#[33]">&gt;&gt;</a>&nbsp;&nbsp;&nbsp;is_peripheral_domain_setup_needed
<LI><a href="#[31]">&gt;&gt;</a>&nbsp;&nbsp;&nbsp;is_manual_peripheral_setup_needed
<LI><a href="#[32]">&gt;&gt;</a>&nbsp;&nbsp;&nbsp;is_disabled_in_debug_needed
</UL>
<BR>[Address Reference Count : 1]<UL><LI> arm_startup_nrf51.o(.text)
</UL>
<P><STRONG><a name="[d]"></a>TIMER0_IRQHandler</STRONG> (Thumb, 46 bytes, Stack size 8 bytes, main.o(i.TIMER0_IRQHandler))
<BR><BR>[Stack]<UL><LI>Max Depth = 80<LI>Call Chain = TIMER0_IRQHandler &rArr; do_pairing &rArr; esb_init &rArr; nrf_esb_init &rArr; initialize_fifos
</UL>
<BR>[Calls]<UL><LI><a href="#[35]">&gt;&gt;</a>&nbsp;&nbsp;&nbsp;interval_timer_event_handler
<LI><a href="#[34]">&gt;&gt;</a>&nbsp;&nbsp;&nbsp;do_pairing
</UL>
<BR>[Address Reference Count : 1]<UL><LI> arm_startup_nrf51.o(RESET)
</UL>
<P><STRONG><a name="[8]"></a>UART0_IRQHandler</STRONG> (Thumb, 12 bytes, Stack size 8 bytes, nrf_drv_uart.o(i.UART0_IRQHandler))
<BR><BR>[Stack]<UL><LI>Max Depth = 80<LI>Call Chain = UART0_IRQHandler &rArr; uart_irq_handler &rArr; tx_done_event
</UL>
<BR>[Calls]<UL><LI><a href="#[36]">&gt;&gt;</a>&nbsp;&nbsp;&nbsp;uart_irq_handler
</UL>
<BR>[Address Reference Count : 1]<UL><LI> arm_startup_nrf51.o(RESET)
</UL>
<P><STRONG><a name="[87]"></a>__scatterload_copy</STRONG> (Thumb, 14 bytes, Stack size unknown bytes, handlers.o(i.__scatterload_copy), UNUSED)

<P><STRONG><a name="[88]"></a>__scatterload_null</STRONG> (Thumb, 2 bytes, Stack size unknown bytes, handlers.o(i.__scatterload_null), UNUSED)

<P><STRONG><a name="[89]"></a>__scatterload_zeroinit</STRONG> (Thumb, 14 bytes, Stack size unknown bytes, handlers.o(i.__scatterload_zeroinit), UNUSED)

<P><STRONG><a name="[50]"></a>clocks_start</STRONG> (Thumb, 24 bytes, Stack size 0 bytes, main.o(i.clocks_start))
<BR><BR>[Called By]<UL><LI><a href="#[1f]">&gt;&gt;</a>&nbsp;&nbsp;&nbsp;main
</UL>

<P><STRONG><a name="[34]"></a>do_pairing</STRONG> (Thumb, 90 bytes, Stack size 8 bytes, main.o(i.do_pairing))
<BR><BR>[Stack]<UL><LI>Max Depth = 72<LI>Call Chain = do_pairing &rArr; esb_init &rArr; nrf_esb_init &rArr; initialize_fifos
</UL>
<BR>[Calls]<UL><LI><a href="#[3c]">&gt;&gt;</a>&nbsp;&nbsp;&nbsp;nrf_esb_set_rf_channel
<LI><a href="#[3d]">&gt;&gt;</a>&nbsp;&nbsp;&nbsp;nrf_esb_error_handler
<LI><a href="#[3a]">&gt;&gt;</a>&nbsp;&nbsp;&nbsp;esb_init
<LI><a href="#[3e]">&gt;&gt;</a>&nbsp;&nbsp;&nbsp;send_pairing_req
<LI><a href="#[39]">&gt;&gt;</a>&nbsp;&nbsp;&nbsp;nrf_gpio_pin_clear
<LI><a href="#[3b]">&gt;&gt;</a>&nbsp;&nbsp;&nbsp;__aeabi_memcpy
</UL>
<BR>[Called By]<UL><LI><a href="#[1f]">&gt;&gt;</a>&nbsp;&nbsp;&nbsp;main
<LI><a href="#[d]">&gt;&gt;</a>&nbsp;&nbsp;&nbsp;TIMER0_IRQHandler
</UL>

<P><STRONG><a name="[52]"></a>ds_get</STRONG> (Thumb, 50 bytes, Stack size 16 bytes, app_common.o(i.ds_get))
<BR><BR>[Stack]<UL><LI>Max Depth = 16<LI>Call Chain = ds_get
</UL>
<BR>[Called By]<UL><LI><a href="#[1f]">&gt;&gt;</a>&nbsp;&nbsp;&nbsp;main
</UL>

<P><STRONG><a name="[5d]"></a>ds_update</STRONG> (Thumb, 142 bytes, Stack size 16 bytes, app_common.o(i.ds_update))
<BR><BR>[Stack]<UL><LI>Max Depth = 16<LI>Call Chain = ds_update
</UL>
<BR>[Called By]<UL><LI><a href="#[22]">&gt;&gt;</a>&nbsp;&nbsp;&nbsp;nrf_esb_event_handler
</UL>

<P><STRONG><a name="[3f]"></a>enter_normal_mode</STRONG> (Thumb, 92 bytes, Stack size 8 bytes, main.o(i.enter_normal_mode))
<BR><BR>[Stack]<UL><LI>Max Depth = 72<LI>Call Chain = enter_normal_mode &rArr; esb_init &rArr; nrf_esb_init &rArr; initialize_fifos
</UL>
<BR>[Calls]<UL><LI><a href="#[43]">&gt;&gt;</a>&nbsp;&nbsp;&nbsp;nrf_esb_update_prefix
<LI><a href="#[42]">&gt;&gt;</a>&nbsp;&nbsp;&nbsp;nrf_esb_set_base_address_1
<LI><a href="#[41]">&gt;&gt;</a>&nbsp;&nbsp;&nbsp;interval_timer_stop
<LI><a href="#[44]">&gt;&gt;</a>&nbsp;&nbsp;&nbsp;interval_timer_start
<LI><a href="#[3a]">&gt;&gt;</a>&nbsp;&nbsp;&nbsp;esb_init
<LI><a href="#[40]">&gt;&gt;</a>&nbsp;&nbsp;&nbsp;nrf_gpio_pin_set
<LI><a href="#[3b]">&gt;&gt;</a>&nbsp;&nbsp;&nbsp;__aeabi_memcpy
</UL>
<BR>[Called By]<UL><LI><a href="#[22]">&gt;&gt;</a>&nbsp;&nbsp;&nbsp;nrf_esb_event_handler
<LI><a href="#[1f]">&gt;&gt;</a>&nbsp;&nbsp;&nbsp;main
</UL>

<P><STRONG><a name="[3a]"></a>esb_init</STRONG> (Thumb, 74 bytes, Stack size 40 bytes, main.o(i.esb_init))
<BR><BR>[Stack]<UL><LI>Max Depth = 64<LI>Call Chain = esb_init &rArr; nrf_esb_init &rArr; initialize_fifos
</UL>
<BR>[Calls]<UL><LI><a href="#[46]">&gt;&gt;</a>&nbsp;&nbsp;&nbsp;nrf_esb_init
<LI><a href="#[45]">&gt;&gt;</a>&nbsp;&nbsp;&nbsp;__aeabi_memcpy4
</UL>
<BR>[Called By]<UL><LI><a href="#[22]">&gt;&gt;</a>&nbsp;&nbsp;&nbsp;nrf_esb_event_handler
<LI><a href="#[3f]">&gt;&gt;</a>&nbsp;&nbsp;&nbsp;enter_normal_mode
<LI><a href="#[34]">&gt;&gt;</a>&nbsp;&nbsp;&nbsp;do_pairing
</UL>

<P><STRONG><a name="[47]"></a>gpio_init</STRONG> (Thumb, 68 bytes, Stack size 8 bytes, main.o(i.gpio_init))
<BR><BR>[Stack]<UL><LI>Max Depth = 52<LI>Call Chain = gpio_init &rArr; nrf_gpio_cfg_input &rArr; nrf_gpio_cfg
</UL>
<BR>[Calls]<UL><LI><a href="#[40]">&gt;&gt;</a>&nbsp;&nbsp;&nbsp;nrf_gpio_pin_set
<LI><a href="#[48]">&gt;&gt;</a>&nbsp;&nbsp;&nbsp;nrf_gpio_cfg_output
<LI><a href="#[49]">&gt;&gt;</a>&nbsp;&nbsp;&nbsp;nrf_gpio_cfg_input
</UL>
<BR>[Called By]<UL><LI><a href="#[1f]">&gt;&gt;</a>&nbsp;&nbsp;&nbsp;main
</UL>

<P><STRONG><a name="[35]"></a>interval_timer_event_handler</STRONG> (Thumb, 116 bytes, Stack size 8 bytes, main.o(i.interval_timer_event_handler))
<BR><BR>[Stack]<UL><LI>Max Depth = 16<LI>Call Chain = interval_timer_event_handler &rArr; nrf_esb_start_rx
</UL>
<BR>[Calls]<UL><LI><a href="#[4e]">&gt;&gt;</a>&nbsp;&nbsp;&nbsp;nrf_esb_stop_rx
<LI><a href="#[4f]">&gt;&gt;</a>&nbsp;&nbsp;&nbsp;nrf_esb_start_rx
<LI><a href="#[4a]">&gt;&gt;</a>&nbsp;&nbsp;&nbsp;hop_channel
</UL>
<BR>[Called By]<UL><LI><a href="#[d]">&gt;&gt;</a>&nbsp;&nbsp;&nbsp;TIMER0_IRQHandler
</UL>

<P><STRONG><a name="[51]"></a>interval_timer_init</STRONG> (Thumb, 56 bytes, Stack size 0 bytes, main.o(i.interval_timer_init))
<BR><BR>[Called By]<UL><LI><a href="#[1f]">&gt;&gt;</a>&nbsp;&nbsp;&nbsp;main
</UL>

<P><STRONG><a name="[44]"></a>interval_timer_start</STRONG> (Thumb, 20 bytes, Stack size 0 bytes, main.o(i.interval_timer_start))
<BR><BR>[Called By]<UL><LI><a href="#[22]">&gt;&gt;</a>&nbsp;&nbsp;&nbsp;nrf_esb_event_handler
<LI><a href="#[1f]">&gt;&gt;</a>&nbsp;&nbsp;&nbsp;main
<LI><a href="#[3f]">&gt;&gt;</a>&nbsp;&nbsp;&nbsp;enter_normal_mode
</UL>

<P><STRONG><a name="[41]"></a>interval_timer_stop</STRONG> (Thumb, 8 bytes, Stack size 0 bytes, main.o(i.interval_timer_stop))
<BR><BR>[Called By]<UL><LI><a href="#[22]">&gt;&gt;</a>&nbsp;&nbsp;&nbsp;nrf_esb_event_handler
<LI><a href="#[3f]">&gt;&gt;</a>&nbsp;&nbsp;&nbsp;enter_normal_mode
</UL>

<P><STRONG><a name="[1f]"></a>main</STRONG> (Thumb, 224 bytes, Stack size 16 bytes, main.o(i.main))
<BR><BR>[Stack]<UL><LI>Max Depth = 88<LI>Call Chain = main &rArr; enter_normal_mode &rArr; esb_init &rArr; nrf_esb_init &rArr; initialize_fifos
</UL>
<BR>[Calls]<UL><LI><a href="#[55]">&gt;&gt;</a>&nbsp;&nbsp;&nbsp;nrf_esb_set_prefixes
<LI><a href="#[42]">&gt;&gt;</a>&nbsp;&nbsp;&nbsp;nrf_esb_set_base_address_1
<LI><a href="#[54]">&gt;&gt;</a>&nbsp;&nbsp;&nbsp;nrf_esb_set_base_address_0
<LI><a href="#[52]">&gt;&gt;</a>&nbsp;&nbsp;&nbsp;ds_get
<LI><a href="#[3d]">&gt;&gt;</a>&nbsp;&nbsp;&nbsp;nrf_esb_error_handler
<LI><a href="#[44]">&gt;&gt;</a>&nbsp;&nbsp;&nbsp;interval_timer_start
<LI><a href="#[51]">&gt;&gt;</a>&nbsp;&nbsp;&nbsp;interval_timer_init
<LI><a href="#[47]">&gt;&gt;</a>&nbsp;&nbsp;&nbsp;gpio_init
<LI><a href="#[3f]">&gt;&gt;</a>&nbsp;&nbsp;&nbsp;enter_normal_mode
<LI><a href="#[34]">&gt;&gt;</a>&nbsp;&nbsp;&nbsp;do_pairing
<LI><a href="#[50]">&gt;&gt;</a>&nbsp;&nbsp;&nbsp;clocks_start
<LI><a href="#[53]">&gt;&gt;</a>&nbsp;&nbsp;&nbsp;nrf_gpio_pin_read
</UL>
<BR>[Address Reference Count : 1]<UL><LI> entry9a.o(.ARM.Collect$$$$0000000B)
</UL>
<P><STRONG><a name="[56]"></a>nrf_esb_disable</STRONG> (Thumb, 52 bytes, Stack size 8 bytes, nrf_esb.o(i.nrf_esb_disable))
<BR><BR>[Stack]<UL><LI>Max Depth = 8<LI>Call Chain = nrf_esb_disable
</UL>
<BR>[Calls]<UL><LI><a href="#[58]">&gt;&gt;</a>&nbsp;&nbsp;&nbsp;NVIC_DisableIRQ
<LI><a href="#[57]">&gt;&gt;</a>&nbsp;&nbsp;&nbsp;__aeabi_memclr4
<LI><a href="#[2c]">&gt;&gt;</a>&nbsp;&nbsp;&nbsp;__aeabi_memclr
<LI><a href="#[4d]">&gt;&gt;</a>&nbsp;&nbsp;&nbsp;reset_fifos
</UL>
<BR>[Called By]<UL><LI><a href="#[46]">&gt;&gt;</a>&nbsp;&nbsp;&nbsp;nrf_esb_init
</UL>

<P><STRONG><a name="[3d]"></a>nrf_esb_error_handler</STRONG> (Thumb, 48 bytes, Stack size 0 bytes, main.o(i.nrf_esb_error_handler))
<BR><BR>[Called By]<UL><LI><a href="#[1f]">&gt;&gt;</a>&nbsp;&nbsp;&nbsp;main
<LI><a href="#[34]">&gt;&gt;</a>&nbsp;&nbsp;&nbsp;do_pairing
<LI><a href="#[4a]">&gt;&gt;</a>&nbsp;&nbsp;&nbsp;hop_channel
</UL>

<P><STRONG><a name="[22]"></a>nrf_esb_event_handler</STRONG> (Thumb, 476 bytes, Stack size 24 bytes, main.o(i.nrf_esb_event_handler))
<BR><BR>[Stack]<UL><LI>Max Depth = 96<LI>Call Chain = nrf_esb_event_handler &rArr; enter_normal_mode &rArr; esb_init &rArr; nrf_esb_init &rArr; initialize_fifos
</UL>
<BR>[Calls]<UL><LI><a href="#[4e]">&gt;&gt;</a>&nbsp;&nbsp;&nbsp;nrf_esb_stop_rx
<LI><a href="#[4f]">&gt;&gt;</a>&nbsp;&nbsp;&nbsp;nrf_esb_start_rx
<LI><a href="#[5c]">&gt;&gt;</a>&nbsp;&nbsp;&nbsp;nrf_esb_read_rx_payload
<LI><a href="#[5b]">&gt;&gt;</a>&nbsp;&nbsp;&nbsp;nrf_esb_flush_tx
<LI><a href="#[5d]">&gt;&gt;</a>&nbsp;&nbsp;&nbsp;ds_update
<LI><a href="#[41]">&gt;&gt;</a>&nbsp;&nbsp;&nbsp;interval_timer_stop
<LI><a href="#[44]">&gt;&gt;</a>&nbsp;&nbsp;&nbsp;interval_timer_start
<LI><a href="#[3a]">&gt;&gt;</a>&nbsp;&nbsp;&nbsp;esb_init
<LI><a href="#[3f]">&gt;&gt;</a>&nbsp;&nbsp;&nbsp;enter_normal_mode
<LI><a href="#[3e]">&gt;&gt;</a>&nbsp;&nbsp;&nbsp;send_pairing_req
<LI><a href="#[5a]">&gt;&gt;</a>&nbsp;&nbsp;&nbsp;send_get_info_req
<LI><a href="#[5f]">&gt;&gt;</a>&nbsp;&nbsp;&nbsp;send_device_data
<LI><a href="#[40]">&gt;&gt;</a>&nbsp;&nbsp;&nbsp;nrf_gpio_pin_set
<LI><a href="#[39]">&gt;&gt;</a>&nbsp;&nbsp;&nbsp;nrf_gpio_pin_clear
<LI><a href="#[59]">&gt;&gt;</a>&nbsp;&nbsp;&nbsp;nrf_delay_us
<LI><a href="#[5e]">&gt;&gt;</a>&nbsp;&nbsp;&nbsp;is_beacon_packet
<LI><a href="#[4a]">&gt;&gt;</a>&nbsp;&nbsp;&nbsp;hop_channel
<LI><a href="#[3b]">&gt;&gt;</a>&nbsp;&nbsp;&nbsp;__aeabi_memcpy
</UL>
<BR>[Address Reference Count : 1]<UL><LI> main.o(i.esb_init)
</UL>
<P><STRONG><a name="[5b]"></a>nrf_esb_flush_tx</STRONG> (Thumb, 44 bytes, Stack size 8 bytes, nrf_esb.o(i.nrf_esb_flush_tx))
<BR><BR>[Stack]<UL><LI>Max Depth = 8<LI>Call Chain = nrf_esb_flush_tx
</UL>
<BR>[Calls]<UL><LI><a href="#[60]">&gt;&gt;</a>&nbsp;&nbsp;&nbsp;NVIC_EnableIRQ
<LI><a href="#[58]">&gt;&gt;</a>&nbsp;&nbsp;&nbsp;NVIC_DisableIRQ
</UL>
<BR>[Called By]<UL><LI><a href="#[22]">&gt;&gt;</a>&nbsp;&nbsp;&nbsp;nrf_esb_event_handler
<LI><a href="#[3e]">&gt;&gt;</a>&nbsp;&nbsp;&nbsp;send_pairing_req
<LI><a href="#[5a]">&gt;&gt;</a>&nbsp;&nbsp;&nbsp;send_get_info_req
<LI><a href="#[5f]">&gt;&gt;</a>&nbsp;&nbsp;&nbsp;send_device_data
</UL>

<P><STRONG><a name="[46]"></a>nrf_esb_init</STRONG> (Thumb, 142 bytes, Stack size 16 bytes, nrf_esb.o(i.nrf_esb_init))
<BR><BR>[Stack]<UL><LI>Max Depth = 24<LI>Call Chain = nrf_esb_init &rArr; initialize_fifos
</UL>
<BR>[Calls]<UL><LI><a href="#[4c]">&gt;&gt;</a>&nbsp;&nbsp;&nbsp;initialize_fifos
<LI><a href="#[64]">&gt;&gt;</a>&nbsp;&nbsp;&nbsp;NVIC_SetPriority
<LI><a href="#[60]">&gt;&gt;</a>&nbsp;&nbsp;&nbsp;NVIC_EnableIRQ
<LI><a href="#[57]">&gt;&gt;</a>&nbsp;&nbsp;&nbsp;__aeabi_memclr4
<LI><a href="#[2c]">&gt;&gt;</a>&nbsp;&nbsp;&nbsp;__aeabi_memclr
<LI><a href="#[45]">&gt;&gt;</a>&nbsp;&nbsp;&nbsp;__aeabi_memcpy4
<LI><a href="#[56]">&gt;&gt;</a>&nbsp;&nbsp;&nbsp;nrf_esb_disable
<LI><a href="#[61]">&gt;&gt;</a>&nbsp;&nbsp;&nbsp;update_radio_parameters
<LI><a href="#[62]">&gt;&gt;</a>&nbsp;&nbsp;&nbsp;sys_timer_init
<LI><a href="#[63]">&gt;&gt;</a>&nbsp;&nbsp;&nbsp;ppi_init
</UL>
<BR>[Called By]<UL><LI><a href="#[3a]">&gt;&gt;</a>&nbsp;&nbsp;&nbsp;esb_init
</UL>

<P><STRONG><a name="[4b]"></a>nrf_esb_is_idle</STRONG> (Thumb, 16 bytes, Stack size 0 bytes, nrf_esb.o(i.nrf_esb_is_idle))
<BR><BR>[Called By]<UL><LI><a href="#[4a]">&gt;&gt;</a>&nbsp;&nbsp;&nbsp;hop_channel
</UL>

<P><STRONG><a name="[5c]"></a>nrf_esb_read_rx_payload</STRONG> (Thumb, 158 bytes, Stack size 8 bytes, nrf_esb.o(i.nrf_esb_read_rx_payload))
<BR><BR>[Stack]<UL><LI>Max Depth = 8<LI>Call Chain = nrf_esb_read_rx_payload
</UL>
<BR>[Calls]<UL><LI><a href="#[60]">&gt;&gt;</a>&nbsp;&nbsp;&nbsp;NVIC_EnableIRQ
<LI><a href="#[58]">&gt;&gt;</a>&nbsp;&nbsp;&nbsp;NVIC_DisableIRQ
<LI><a href="#[3b]">&gt;&gt;</a>&nbsp;&nbsp;&nbsp;__aeabi_memcpy
</UL>
<BR>[Called By]<UL><LI><a href="#[22]">&gt;&gt;</a>&nbsp;&nbsp;&nbsp;nrf_esb_event_handler
</UL>

<P><STRONG><a name="[54]"></a>nrf_esb_set_base_address_0</STRONG> (Thumb, 52 bytes, Stack size 8 bytes, nrf_esb.o(i.nrf_esb_set_base_address_0))
<BR><BR>[Stack]<UL><LI>Max Depth = 24<LI>Call Chain = nrf_esb_set_base_address_0 &rArr; update_radio_addresses &rArr; addr_conv
</UL>
<BR>[Calls]<UL><LI><a href="#[3b]">&gt;&gt;</a>&nbsp;&nbsp;&nbsp;__aeabi_memcpy
<LI><a href="#[65]">&gt;&gt;</a>&nbsp;&nbsp;&nbsp;update_radio_addresses
</UL>
<BR>[Called By]<UL><LI><a href="#[1f]">&gt;&gt;</a>&nbsp;&nbsp;&nbsp;main
</UL>

<P><STRONG><a name="[42]"></a>nrf_esb_set_base_address_1</STRONG> (Thumb, 52 bytes, Stack size 8 bytes, nrf_esb.o(i.nrf_esb_set_base_address_1))
<BR><BR>[Stack]<UL><LI>Max Depth = 24<LI>Call Chain = nrf_esb_set_base_address_1 &rArr; update_radio_addresses &rArr; addr_conv
</UL>
<BR>[Calls]<UL><LI><a href="#[3b]">&gt;&gt;</a>&nbsp;&nbsp;&nbsp;__aeabi_memcpy
<LI><a href="#[65]">&gt;&gt;</a>&nbsp;&nbsp;&nbsp;update_radio_addresses
</UL>
<BR>[Called By]<UL><LI><a href="#[1f]">&gt;&gt;</a>&nbsp;&nbsp;&nbsp;main
<LI><a href="#[3f]">&gt;&gt;</a>&nbsp;&nbsp;&nbsp;enter_normal_mode
</UL>

<P><STRONG><a name="[55]"></a>nrf_esb_set_prefixes</STRONG> (Thumb, 86 bytes, Stack size 16 bytes, nrf_esb.o(i.nrf_esb_set_prefixes))
<BR><BR>[Stack]<UL><LI>Max Depth = 32<LI>Call Chain = nrf_esb_set_prefixes &rArr; update_radio_addresses &rArr; addr_conv
</UL>
<BR>[Calls]<UL><LI><a href="#[3b]">&gt;&gt;</a>&nbsp;&nbsp;&nbsp;__aeabi_memcpy
<LI><a href="#[65]">&gt;&gt;</a>&nbsp;&nbsp;&nbsp;update_radio_addresses
</UL>
<BR>[Called By]<UL><LI><a href="#[1f]">&gt;&gt;</a>&nbsp;&nbsp;&nbsp;main
</UL>

<P><STRONG><a name="[3c]"></a>nrf_esb_set_rf_channel</STRONG> (Thumb, 38 bytes, Stack size 0 bytes, nrf_esb.o(i.nrf_esb_set_rf_channel))
<BR><BR>[Called By]<UL><LI><a href="#[34]">&gt;&gt;</a>&nbsp;&nbsp;&nbsp;do_pairing
<LI><a href="#[4a]">&gt;&gt;</a>&nbsp;&nbsp;&nbsp;hop_channel
</UL>

<P><STRONG><a name="[4f]"></a>nrf_esb_start_rx</STRONG> (Thumb, 108 bytes, Stack size 8 bytes, nrf_esb.o(i.nrf_esb_start_rx))
<BR><BR>[Stack]<UL><LI>Max Depth = 8<LI>Call Chain = nrf_esb_start_rx
</UL>
<BR>[Calls]<UL><LI><a href="#[60]">&gt;&gt;</a>&nbsp;&nbsp;&nbsp;NVIC_EnableIRQ
<LI><a href="#[66]">&gt;&gt;</a>&nbsp;&nbsp;&nbsp;NVIC_ClearPendingIRQ
</UL>
<BR>[Called By]<UL><LI><a href="#[22]">&gt;&gt;</a>&nbsp;&nbsp;&nbsp;nrf_esb_event_handler
<LI><a href="#[35]">&gt;&gt;</a>&nbsp;&nbsp;&nbsp;interval_timer_event_handler
</UL>

<P><STRONG><a name="[4e]"></a>nrf_esb_stop_rx</STRONG> (Thumb, 60 bytes, Stack size 0 bytes, nrf_esb.o(i.nrf_esb_stop_rx))
<BR><BR>[Called By]<UL><LI><a href="#[22]">&gt;&gt;</a>&nbsp;&nbsp;&nbsp;nrf_esb_event_handler
<LI><a href="#[35]">&gt;&gt;</a>&nbsp;&nbsp;&nbsp;interval_timer_event_handler
</UL>

<P><STRONG><a name="[43]"></a>nrf_esb_update_prefix</STRONG> (Thumb, 48 bytes, Stack size 16 bytes, nrf_esb.o(i.nrf_esb_update_prefix))
<BR><BR>[Stack]<UL><LI>Max Depth = 32<LI>Call Chain = nrf_esb_update_prefix &rArr; update_radio_addresses &rArr; addr_conv
</UL>
<BR>[Calls]<UL><LI><a href="#[65]">&gt;&gt;</a>&nbsp;&nbsp;&nbsp;update_radio_addresses
</UL>
<BR>[Called By]<UL><LI><a href="#[3f]">&gt;&gt;</a>&nbsp;&nbsp;&nbsp;enter_normal_mode
</UL>

<P><STRONG><a name="[67]"></a>nrf_esb_write_payload</STRONG> (Thumb, 246 bytes, Stack size 8 bytes, nrf_esb.o(i.nrf_esb_write_payload))
<BR><BR>[Stack]<UL><LI>Max Depth = 16<LI>Call Chain = nrf_esb_write_payload &rArr; start_tx_transaction
</UL>
<BR>[Calls]<UL><LI><a href="#[60]">&gt;&gt;</a>&nbsp;&nbsp;&nbsp;NVIC_EnableIRQ
<LI><a href="#[58]">&gt;&gt;</a>&nbsp;&nbsp;&nbsp;NVIC_DisableIRQ
<LI><a href="#[3b]">&gt;&gt;</a>&nbsp;&nbsp;&nbsp;__aeabi_memcpy
<LI><a href="#[68]">&gt;&gt;</a>&nbsp;&nbsp;&nbsp;start_tx_transaction
</UL>
<BR>[Called By]<UL><LI><a href="#[3e]">&gt;&gt;</a>&nbsp;&nbsp;&nbsp;send_pairing_req
<LI><a href="#[5a]">&gt;&gt;</a>&nbsp;&nbsp;&nbsp;send_get_info_req
<LI><a href="#[5f]">&gt;&gt;</a>&nbsp;&nbsp;&nbsp;send_device_data
</UL>
<P>
<H3>
Local Symbols
</H3>
<P><STRONG><a name="[4a]"></a>hop_channel</STRONG> (Thumb, 72 bytes, Stack size 8 bytes, main.o(i.hop_channel))
<BR><BR>[Stack]<UL><LI>Max Depth = 8<LI>Call Chain = hop_channel
</UL>
<BR>[Calls]<UL><LI><a href="#[3c]">&gt;&gt;</a>&nbsp;&nbsp;&nbsp;nrf_esb_set_rf_channel
<LI><a href="#[4b]">&gt;&gt;</a>&nbsp;&nbsp;&nbsp;nrf_esb_is_idle
<LI><a href="#[3d]">&gt;&gt;</a>&nbsp;&nbsp;&nbsp;nrf_esb_error_handler
</UL>
<BR>[Called By]<UL><LI><a href="#[22]">&gt;&gt;</a>&nbsp;&nbsp;&nbsp;nrf_esb_event_handler
<LI><a href="#[35]">&gt;&gt;</a>&nbsp;&nbsp;&nbsp;interval_timer_event_handler
</UL>

<P><STRONG><a name="[5e]"></a>is_beacon_packet</STRONG> (Thumb, 46 bytes, Stack size 0 bytes, main.o(i.is_beacon_packet))
<BR><BR>[Called By]<UL><LI><a href="#[22]">&gt;&gt;</a>&nbsp;&nbsp;&nbsp;nrf_esb_event_handler
</UL>

<P><STRONG><a name="[59]"></a>nrf_delay_us</STRONG> (Thumb, 50 bytes, Stack size 0 bytes, main.o(i.nrf_delay_us))
<BR><BR>[Called By]<UL><LI><a href="#[22]">&gt;&gt;</a>&nbsp;&nbsp;&nbsp;nrf_esb_event_handler
</UL>

<P><STRONG><a name="[69]"></a>nrf_gpio_cfg</STRONG> (Thumb, 38 bytes, Stack size 20 bytes, main.o(i.nrf_gpio_cfg))
<BR><BR>[Stack]<UL><LI>Max Depth = 20<LI>Call Chain = nrf_gpio_cfg
</UL>
<BR>[Called By]<UL><LI><a href="#[48]">&gt;&gt;</a>&nbsp;&nbsp;&nbsp;nrf_gpio_cfg_output
<LI><a href="#[49]">&gt;&gt;</a>&nbsp;&nbsp;&nbsp;nrf_gpio_cfg_input
</UL>

<P><STRONG><a name="[49]"></a>nrf_gpio_cfg_input</STRONG> (Thumb, 26 bytes, Stack size 24 bytes, main.o(i.nrf_gpio_cfg_input))
<BR><BR>[Stack]<UL><LI>Max Depth = 44<LI>Call Chain = nrf_gpio_cfg_input &rArr; nrf_gpio_cfg
</UL>
<BR>[Calls]<UL><LI><a href="#[69]">&gt;&gt;</a>&nbsp;&nbsp;&nbsp;nrf_gpio_cfg
</UL>
<BR>[Called By]<UL><LI><a href="#[47]">&gt;&gt;</a>&nbsp;&nbsp;&nbsp;gpio_init
</UL>

<P><STRONG><a name="[48]"></a>nrf_gpio_cfg_output</STRONG> (Thumb, 24 bytes, Stack size 16 bytes, main.o(i.nrf_gpio_cfg_output))
<BR><BR>[Stack]<UL><LI>Max Depth = 36<LI>Call Chain = nrf_gpio_cfg_output &rArr; nrf_gpio_cfg
</UL>
<BR>[Calls]<UL><LI><a href="#[69]">&gt;&gt;</a>&nbsp;&nbsp;&nbsp;nrf_gpio_cfg
</UL>
<BR>[Called By]<UL><LI><a href="#[47]">&gt;&gt;</a>&nbsp;&nbsp;&nbsp;gpio_init
</UL>

<P><STRONG><a name="[39]"></a>nrf_gpio_pin_clear</STRONG> (Thumb, 10 bytes, Stack size 0 bytes, main.o(i.nrf_gpio_pin_clear))
<BR><BR>[Called By]<UL><LI><a href="#[22]">&gt;&gt;</a>&nbsp;&nbsp;&nbsp;nrf_esb_event_handler
<LI><a href="#[34]">&gt;&gt;</a>&nbsp;&nbsp;&nbsp;do_pairing
<LI><a href="#[5f]">&gt;&gt;</a>&nbsp;&nbsp;&nbsp;send_device_data
</UL>

<P><STRONG><a name="[53]"></a>nrf_gpio_pin_read</STRONG> (Thumb, 14 bytes, Stack size 0 bytes, main.o(i.nrf_gpio_pin_read))
<BR><BR>[Called By]<UL><LI><a href="#[1f]">&gt;&gt;</a>&nbsp;&nbsp;&nbsp;main
</UL>

<P><STRONG><a name="[40]"></a>nrf_gpio_pin_set</STRONG> (Thumb, 10 bytes, Stack size 0 bytes, main.o(i.nrf_gpio_pin_set))
<BR><BR>[Called By]<UL><LI><a href="#[22]">&gt;&gt;</a>&nbsp;&nbsp;&nbsp;nrf_esb_event_handler
<LI><a href="#[47]">&gt;&gt;</a>&nbsp;&nbsp;&nbsp;gpio_init
<LI><a href="#[3f]">&gt;&gt;</a>&nbsp;&nbsp;&nbsp;enter_normal_mode
</UL>

<P><STRONG><a name="[5f]"></a>send_device_data</STRONG> (Thumb, 82 bytes, Stack size 16 bytes, main.o(i.send_device_data))
<BR><BR>[Stack]<UL><LI>Max Depth = 32<LI>Call Chain = send_device_data &rArr; nrf_esb_write_payload &rArr; start_tx_transaction
</UL>
<BR>[Calls]<UL><LI><a href="#[67]">&gt;&gt;</a>&nbsp;&nbsp;&nbsp;nrf_esb_write_payload
<LI><a href="#[5b]">&gt;&gt;</a>&nbsp;&nbsp;&nbsp;nrf_esb_flush_tx
<LI><a href="#[39]">&gt;&gt;</a>&nbsp;&nbsp;&nbsp;nrf_gpio_pin_clear
</UL>
<BR>[Called By]<UL><LI><a href="#[22]">&gt;&gt;</a>&nbsp;&nbsp;&nbsp;nrf_esb_event_handler
</UL>

<P><STRONG><a name="[5a]"></a>send_get_info_req</STRONG> (Thumb, 42 bytes, Stack size 48 bytes, main.o(i.send_get_info_req))
<BR><BR>[Stack]<UL><LI>Max Depth = 64<LI>Call Chain = send_get_info_req &rArr; nrf_esb_write_payload &rArr; start_tx_transaction
</UL>
<BR>[Calls]<UL><LI><a href="#[67]">&gt;&gt;</a>&nbsp;&nbsp;&nbsp;nrf_esb_write_payload
<LI><a href="#[5b]">&gt;&gt;</a>&nbsp;&nbsp;&nbsp;nrf_esb_flush_tx
</UL>
<BR>[Called By]<UL><LI><a href="#[22]">&gt;&gt;</a>&nbsp;&nbsp;&nbsp;nrf_esb_event_handler
</UL>

<P><STRONG><a name="[3e]"></a>send_pairing_req</STRONG> (Thumb, 44 bytes, Stack size 48 bytes, main.o(i.send_pairing_req))
<BR><BR>[Stack]<UL><LI>Max Depth = 64<LI>Call Chain = send_pairing_req &rArr; nrf_esb_write_payload &rArr; start_tx_transaction
</UL>
<BR>[Calls]<UL><LI><a href="#[67]">&gt;&gt;</a>&nbsp;&nbsp;&nbsp;nrf_esb_write_payload
<LI><a href="#[5b]">&gt;&gt;</a>&nbsp;&nbsp;&nbsp;nrf_esb_flush_tx
</UL>
<BR>[Called By]<UL><LI><a href="#[22]">&gt;&gt;</a>&nbsp;&nbsp;&nbsp;nrf_esb_event_handler
<LI><a href="#[34]">&gt;&gt;</a>&nbsp;&nbsp;&nbsp;do_pairing
</UL>

<P><STRONG><a name="[75]"></a>nrf_uart_errorsrc_get_and_clear</STRONG> (Thumb, 20 bytes, Stack size 0 bytes, nrf_drv_uart.o(i.nrf_uart_errorsrc_get_and_clear))
<BR><BR>[Called By]<UL><LI><a href="#[36]">&gt;&gt;</a>&nbsp;&nbsp;&nbsp;uart_irq_handler
</UL>

<P><STRONG><a name="[72]"></a>nrf_uart_event_check</STRONG> (Thumb, 16 bytes, Stack size 0 bytes, nrf_drv_uart.o(i.nrf_uart_event_check))
<BR><BR>[Called By]<UL><LI><a href="#[36]">&gt;&gt;</a>&nbsp;&nbsp;&nbsp;uart_irq_handler
</UL>

<P><STRONG><a name="[6f]"></a>nrf_uart_event_clear</STRONG> (Thumb, 6 bytes, Stack size 0 bytes, nrf_drv_uart.o(i.nrf_uart_event_clear))
<BR><BR>[Called By]<UL><LI><a href="#[36]">&gt;&gt;</a>&nbsp;&nbsp;&nbsp;uart_irq_handler
<LI><a href="#[70]">&gt;&gt;</a>&nbsp;&nbsp;&nbsp;tx_byte
<LI><a href="#[6e]">&gt;&gt;</a>&nbsp;&nbsp;&nbsp;rx_byte
</UL>

<P><STRONG><a name="[73]"></a>nrf_uart_int_disable</STRONG> (Thumb, 10 bytes, Stack size 0 bytes, nrf_drv_uart.o(i.nrf_uart_int_disable))
<BR><BR>[Called By]<UL><LI><a href="#[36]">&gt;&gt;</a>&nbsp;&nbsp;&nbsp;uart_irq_handler
</UL>

<P><STRONG><a name="[71]"></a>nrf_uart_int_enable_check</STRONG> (Thumb, 24 bytes, Stack size 0 bytes, nrf_drv_uart.o(i.nrf_uart_int_enable_check))
<BR><BR>[Called By]<UL><LI><a href="#[36]">&gt;&gt;</a>&nbsp;&nbsp;&nbsp;uart_irq_handler
</UL>

<P><STRONG><a name="[74]"></a>nrf_uart_task_trigger</STRONG> (Thumb, 6 bytes, Stack size 0 bytes, nrf_drv_uart.o(i.nrf_uart_task_trigger))
<BR><BR>[Called By]<UL><LI><a href="#[36]">&gt;&gt;</a>&nbsp;&nbsp;&nbsp;uart_irq_handler
</UL>

<P><STRONG><a name="[6e]"></a>rx_byte</STRONG> (Thumb, 72 bytes, Stack size 16 bytes, nrf_drv_uart.o(i.rx_byte))
<BR><BR>[Stack]<UL><LI>Max Depth = 16<LI>Call Chain = rx_byte
</UL>
<BR>[Calls]<UL><LI><a href="#[6f]">&gt;&gt;</a>&nbsp;&nbsp;&nbsp;nrf_uart_event_clear
</UL>
<BR>[Called By]<UL><LI><a href="#[36]">&gt;&gt;</a>&nbsp;&nbsp;&nbsp;uart_irq_handler
</UL>

<P><STRONG><a name="[76]"></a>rx_done_event</STRONG> (Thumb, 28 bytes, Stack size 32 bytes, nrf_drv_uart.o(i.rx_done_event))
<BR><BR>[Stack]<UL><LI>Max Depth = 32<LI>Call Chain = rx_done_event
</UL>
<BR>[Called By]<UL><LI><a href="#[36]">&gt;&gt;</a>&nbsp;&nbsp;&nbsp;uart_irq_handler
</UL>

<P><STRONG><a name="[70]"></a>tx_byte</STRONG> (Thumb, 42 bytes, Stack size 16 bytes, nrf_drv_uart.o(i.tx_byte))
<BR><BR>[Stack]<UL><LI>Max Depth = 16<LI>Call Chain = tx_byte
</UL>
<BR>[Calls]<UL><LI><a href="#[6f]">&gt;&gt;</a>&nbsp;&nbsp;&nbsp;nrf_uart_event_clear
</UL>
<BR>[Called By]<UL><LI><a href="#[36]">&gt;&gt;</a>&nbsp;&nbsp;&nbsp;uart_irq_handler
</UL>

<P><STRONG><a name="[77]"></a>tx_done_event</STRONG> (Thumb, 34 bytes, Stack size 32 bytes, nrf_drv_uart.o(i.tx_done_event))
<BR><BR>[Stack]<UL><LI>Max Depth = 32<LI>Call Chain = tx_done_event
</UL>
<BR>[Called By]<UL><LI><a href="#[36]">&gt;&gt;</a>&nbsp;&nbsp;&nbsp;uart_irq_handler
</UL>

<P><STRONG><a name="[36]"></a>uart_irq_handler</STRONG> (Thumb, 344 bytes, Stack size 40 bytes, nrf_drv_uart.o(i.uart_irq_handler))
<BR><BR>[Stack]<UL><LI>Max Depth = 72<LI>Call Chain = uart_irq_handler &rArr; tx_done_event
</UL>
<BR>[Calls]<UL><LI><a href="#[77]">&gt;&gt;</a>&nbsp;&nbsp;&nbsp;tx_done_event
<LI><a href="#[70]">&gt;&gt;</a>&nbsp;&nbsp;&nbsp;tx_byte
<LI><a href="#[76]">&gt;&gt;</a>&nbsp;&nbsp;&nbsp;rx_done_event
<LI><a href="#[6e]">&gt;&gt;</a>&nbsp;&nbsp;&nbsp;rx_byte
<LI><a href="#[74]">&gt;&gt;</a>&nbsp;&nbsp;&nbsp;nrf_uart_task_trigger
<LI><a href="#[71]">&gt;&gt;</a>&nbsp;&nbsp;&nbsp;nrf_uart_int_enable_check
<LI><a href="#[73]">&gt;&gt;</a>&nbsp;&nbsp;&nbsp;nrf_uart_int_disable
<LI><a href="#[6f]">&gt;&gt;</a>&nbsp;&nbsp;&nbsp;nrf_uart_event_clear
<LI><a href="#[72]">&gt;&gt;</a>&nbsp;&nbsp;&nbsp;nrf_uart_event_check
<LI><a href="#[75]">&gt;&gt;</a>&nbsp;&nbsp;&nbsp;nrf_uart_errorsrc_get_and_clear
</UL>
<BR>[Called By]<UL><LI><a href="#[8]">&gt;&gt;</a>&nbsp;&nbsp;&nbsp;UART0_IRQHandler
</UL>

<P><STRONG><a name="[66]"></a>NVIC_ClearPendingIRQ</STRONG> (Thumb, 14 bytes, Stack size 0 bytes, nrf_esb.o(i.NVIC_ClearPendingIRQ))
<BR><BR>[Called By]<UL><LI><a href="#[4f]">&gt;&gt;</a>&nbsp;&nbsp;&nbsp;nrf_esb_start_rx
<LI><a href="#[68]">&gt;&gt;</a>&nbsp;&nbsp;&nbsp;start_tx_transaction
</UL>

<P><STRONG><a name="[58]"></a>NVIC_DisableIRQ</STRONG> (Thumb, 14 bytes, Stack size 0 bytes, nrf_esb.o(i.NVIC_DisableIRQ))
<BR><BR>[Called By]<UL><LI><a href="#[30]">&gt;&gt;</a>&nbsp;&nbsp;&nbsp;nrf_esb_get_clear_interrupts
<LI><a href="#[67]">&gt;&gt;</a>&nbsp;&nbsp;&nbsp;nrf_esb_write_payload
<LI><a href="#[5c]">&gt;&gt;</a>&nbsp;&nbsp;&nbsp;nrf_esb_read_rx_payload
<LI><a href="#[5b]">&gt;&gt;</a>&nbsp;&nbsp;&nbsp;nrf_esb_flush_tx
<LI><a href="#[56]">&gt;&gt;</a>&nbsp;&nbsp;&nbsp;nrf_esb_disable
<LI><a href="#[6d]">&gt;&gt;</a>&nbsp;&nbsp;&nbsp;tx_fifo_remove_last
</UL>

<P><STRONG><a name="[60]"></a>NVIC_EnableIRQ</STRONG> (Thumb, 14 bytes, Stack size 0 bytes, nrf_esb.o(i.NVIC_EnableIRQ))
<BR><BR>[Called By]<UL><LI><a href="#[30]">&gt;&gt;</a>&nbsp;&nbsp;&nbsp;nrf_esb_get_clear_interrupts
<LI><a href="#[67]">&gt;&gt;</a>&nbsp;&nbsp;&nbsp;nrf_esb_write_payload
<LI><a href="#[4f]">&gt;&gt;</a>&nbsp;&nbsp;&nbsp;nrf_esb_start_rx
<LI><a href="#[5c]">&gt;&gt;</a>&nbsp;&nbsp;&nbsp;nrf_esb_read_rx_payload
<LI><a href="#[46]">&gt;&gt;</a>&nbsp;&nbsp;&nbsp;nrf_esb_init
<LI><a href="#[5b]">&gt;&gt;</a>&nbsp;&nbsp;&nbsp;nrf_esb_flush_tx
<LI><a href="#[6d]">&gt;&gt;</a>&nbsp;&nbsp;&nbsp;tx_fifo_remove_last
<LI><a href="#[68]">&gt;&gt;</a>&nbsp;&nbsp;&nbsp;start_tx_transaction
</UL>

<P><STRONG><a name="[6c]"></a>NVIC_SetPendingIRQ</STRONG> (Thumb, 14 bytes, Stack size 0 bytes, nrf_esb.o(i.NVIC_SetPendingIRQ))
<BR><BR>[Called By]<UL><LI><a href="#[23]">&gt;&gt;</a>&nbsp;&nbsp;&nbsp;on_radio_disabled_rx
<LI><a href="#[25]">&gt;&gt;</a>&nbsp;&nbsp;&nbsp;on_radio_disabled_tx_wait_for_ack
<LI><a href="#[27]">&gt;&gt;</a>&nbsp;&nbsp;&nbsp;on_radio_disabled_tx_noack
</UL>

<P><STRONG><a name="[64]"></a>NVIC_SetPriority</STRONG> (Thumb, 110 bytes, Stack size 8 bytes, nrf_esb.o(i.NVIC_SetPriority))
<BR><BR>[Stack]<UL><LI>Max Depth = 8<LI>Call Chain = NVIC_SetPriority
</UL>
<BR>[Called By]<UL><LI><a href="#[46]">&gt;&gt;</a>&nbsp;&nbsp;&nbsp;nrf_esb_init
</UL>

<P><STRONG><a name="[37]"></a>addr_conv</STRONG> (Thumb, 14 bytes, Stack size 8 bytes, nrf_esb.o(i.addr_conv))
<BR><BR>[Stack]<UL><LI>Max Depth = 8<LI>Call Chain = addr_conv
</UL>
<BR>[Calls]<UL><LI><a href="#[38]">&gt;&gt;</a>&nbsp;&nbsp;&nbsp;bytewise_bit_swap
</UL>
<BR>[Called By]<UL><LI><a href="#[65]">&gt;&gt;</a>&nbsp;&nbsp;&nbsp;update_radio_addresses
</UL>

<P><STRONG><a name="[38]"></a>bytewise_bit_swap</STRONG> (Thumb, 60 bytes, Stack size 0 bytes, nrf_esb.o(i.bytewise_bit_swap))
<BR><BR>[Called By]<UL><LI><a href="#[37]">&gt;&gt;</a>&nbsp;&nbsp;&nbsp;addr_conv
<LI><a href="#[65]">&gt;&gt;</a>&nbsp;&nbsp;&nbsp;update_radio_addresses
</UL>

<P><STRONG><a name="[6a]"></a>clear_events_restart_rx</STRONG> (Thumb, 70 bytes, Stack size 8 bytes, nrf_esb.o(i.clear_events_restart_rx))
<BR><BR>[Stack]<UL><LI>Max Depth = 8<LI>Call Chain = clear_events_restart_rx
</UL>
<BR>[Called By]<UL><LI><a href="#[23]">&gt;&gt;</a>&nbsp;&nbsp;&nbsp;on_radio_disabled_rx
</UL>

<P><STRONG><a name="[4c]"></a>initialize_fifos</STRONG> (Thumb, 56 bytes, Stack size 8 bytes, nrf_esb.o(i.initialize_fifos))
<BR><BR>[Stack]<UL><LI>Max Depth = 8<LI>Call Chain = initialize_fifos
</UL>
<BR>[Calls]<UL><LI><a href="#[4d]">&gt;&gt;</a>&nbsp;&nbsp;&nbsp;reset_fifos
</UL>
<BR>[Called By]<UL><LI><a href="#[46]">&gt;&gt;</a>&nbsp;&nbsp;&nbsp;nrf_esb_init
</UL>

<P><STRONG><a name="[30]"></a>nrf_esb_get_clear_interrupts</STRONG> (Thumb, 60 bytes, Stack size 8 bytes, nrf_esb.o(i.nrf_esb_get_clear_interrupts))
<BR><BR>[Stack]<UL><LI>Max Depth = 8<LI>Call Chain = nrf_esb_get_clear_interrupts
</UL>
<BR>[Calls]<UL><LI><a href="#[60]">&gt;&gt;</a>&nbsp;&nbsp;&nbsp;NVIC_EnableIRQ
<LI><a href="#[58]">&gt;&gt;</a>&nbsp;&nbsp;&nbsp;NVIC_DisableIRQ
</UL>
<BR>[Called By]<UL><LI><a href="#[19]">&gt;&gt;</a>&nbsp;&nbsp;&nbsp;SWI0_IRQHandler
</UL>

<P><STRONG><a name="[23]"></a>on_radio_disabled_rx</STRONG> (Thumb, 394 bytes, Stack size 24 bytes, nrf_esb.o(i.on_radio_disabled_rx))
<BR><BR>[Stack]<UL><LI>Max Depth = 40<LI>Call Chain = on_radio_disabled_rx &rArr; rx_fifo_push_rfbuf
</UL>
<BR>[Calls]<UL><LI><a href="#[6a]">&gt;&gt;</a>&nbsp;&nbsp;&nbsp;clear_events_restart_rx
<LI><a href="#[6c]">&gt;&gt;</a>&nbsp;&nbsp;&nbsp;NVIC_SetPendingIRQ
<LI><a href="#[3b]">&gt;&gt;</a>&nbsp;&nbsp;&nbsp;__aeabi_memcpy
<LI><a href="#[6b]">&gt;&gt;</a>&nbsp;&nbsp;&nbsp;rx_fifo_push_rfbuf
</UL>
<BR>[Address Reference Count : 2]<UL><LI> nrf_esb.o(i.nrf_esb_start_rx)
<LI> nrf_esb.o(i.on_radio_disabled_rx_ack)
</UL>
<P><STRONG><a name="[24]"></a>on_radio_disabled_rx_ack</STRONG> (Thumb, 40 bytes, Stack size 8 bytes, nrf_esb.o(i.on_radio_disabled_rx_ack))
<BR><BR>[Stack]<UL><LI>Max Depth = 8<LI>Call Chain = on_radio_disabled_rx_ack
</UL>
<BR>[Address Reference Count : 1]<UL><LI> nrf_esb.o(i.on_radio_disabled_rx)
</UL>
<P><STRONG><a name="[26]"></a>on_radio_disabled_tx</STRONG> (Thumb, 104 bytes, Stack size 8 bytes, nrf_esb.o(i.on_radio_disabled_tx))
<BR><BR>[Stack]<UL><LI>Max Depth = 8<LI>Call Chain = on_radio_disabled_tx
</UL>
<BR>[Address Reference Count : 2]<UL><LI> nrf_esb.o(i.on_radio_disabled_tx_wait_for_ack)
<LI> nrf_esb.o(i.start_tx_transaction)
</UL>
<P><STRONG><a name="[27]"></a>on_radio_disabled_tx_noack</STRONG> (Thumb, 50 bytes, Stack size 8 bytes, nrf_esb.o(i.on_radio_disabled_tx_noack))
<BR><BR>[Stack]<UL><LI>Max Depth = 16<LI>Call Chain = on_radio_disabled_tx_noack &rArr; tx_fifo_remove_last
</UL>
<BR>[Calls]<UL><LI><a href="#[6c]">&gt;&gt;</a>&nbsp;&nbsp;&nbsp;NVIC_SetPendingIRQ
<LI><a href="#[6d]">&gt;&gt;</a>&nbsp;&nbsp;&nbsp;tx_fifo_remove_last
<LI><a href="#[68]">&gt;&gt;</a>&nbsp;&nbsp;&nbsp;start_tx_transaction
</UL>
<BR>[Address Reference Count : 1]<UL><LI> nrf_esb.o(i.start_tx_transaction)
</UL>
<P><STRONG><a name="[25]"></a>on_radio_disabled_tx_wait_for_ack</STRONG> (Thumb, 284 bytes, Stack size 8 bytes, nrf_esb.o(i.on_radio_disabled_tx_wait_for_ack))
<BR><BR>[Stack]<UL><LI>Max Depth = 24<LI>Call Chain = on_radio_disabled_tx_wait_for_ack &rArr; rx_fifo_push_rfbuf
</UL>
<BR>[Calls]<UL><LI><a href="#[6c]">&gt;&gt;</a>&nbsp;&nbsp;&nbsp;NVIC_SetPendingIRQ
<LI><a href="#[6d]">&gt;&gt;</a>&nbsp;&nbsp;&nbsp;tx_fifo_remove_last
<LI><a href="#[68]">&gt;&gt;</a>&nbsp;&nbsp;&nbsp;start_tx_transaction
<LI><a href="#[6b]">&gt;&gt;</a>&nbsp;&nbsp;&nbsp;rx_fifo_push_rfbuf
</UL>
<BR>[Address Reference Count : 1]<UL><LI> nrf_esb.o(i.on_radio_disabled_tx)
</UL>
<P><STRONG><a name="[63]"></a>ppi_init</STRONG> (Thumb, 78 bytes, Stack size 0 bytes, nrf_esb.o(i.ppi_init))
<BR><BR>[Called By]<UL><LI><a href="#[46]">&gt;&gt;</a>&nbsp;&nbsp;&nbsp;nrf_esb_init
</UL>

<P><STRONG><a name="[4d]"></a>reset_fifos</STRONG> (Thumb, 20 bytes, Stack size 0 bytes, nrf_esb.o(i.reset_fifos))
<BR><BR>[Called By]<UL><LI><a href="#[4c]">&gt;&gt;</a>&nbsp;&nbsp;&nbsp;initialize_fifos
<LI><a href="#[56]">&gt;&gt;</a>&nbsp;&nbsp;&nbsp;nrf_esb_disable
</UL>

<P><STRONG><a name="[6b]"></a>rx_fifo_push_rfbuf</STRONG> (Thumb, 194 bytes, Stack size 16 bytes, nrf_esb.o(i.rx_fifo_push_rfbuf))
<BR><BR>[Stack]<UL><LI>Max Depth = 16<LI>Call Chain = rx_fifo_push_rfbuf
</UL>
<BR>[Calls]<UL><LI><a href="#[3b]">&gt;&gt;</a>&nbsp;&nbsp;&nbsp;__aeabi_memcpy
</UL>
<BR>[Called By]<UL><LI><a href="#[23]">&gt;&gt;</a>&nbsp;&nbsp;&nbsp;on_radio_disabled_rx
<LI><a href="#[25]">&gt;&gt;</a>&nbsp;&nbsp;&nbsp;on_radio_disabled_tx_wait_for_ack
</UL>

<P><STRONG><a name="[68]"></a>start_tx_transaction</STRONG> (Thumb, 338 bytes, Stack size 8 bytes, nrf_esb.o(i.start_tx_transaction))
<BR><BR>[Stack]<UL><LI>Max Depth = 8<LI>Call Chain = start_tx_transaction
</UL>
<BR>[Calls]<UL><LI><a href="#[60]">&gt;&gt;</a>&nbsp;&nbsp;&nbsp;NVIC_EnableIRQ
<LI><a href="#[66]">&gt;&gt;</a>&nbsp;&nbsp;&nbsp;NVIC_ClearPendingIRQ
<LI><a href="#[3b]">&gt;&gt;</a>&nbsp;&nbsp;&nbsp;__aeabi_memcpy
</UL>
<BR>[Called By]<UL><LI><a href="#[67]">&gt;&gt;</a>&nbsp;&nbsp;&nbsp;nrf_esb_write_payload
<LI><a href="#[25]">&gt;&gt;</a>&nbsp;&nbsp;&nbsp;on_radio_disabled_tx_wait_for_ack
<LI><a href="#[27]">&gt;&gt;</a>&nbsp;&nbsp;&nbsp;on_radio_disabled_tx_noack
</UL>

<P><STRONG><a name="[62]"></a>sys_timer_init</STRONG> (Thumb, 18 bytes, Stack size 0 bytes, nrf_esb.o(i.sys_timer_init))
<BR><BR>[Called By]<UL><LI><a href="#[46]">&gt;&gt;</a>&nbsp;&nbsp;&nbsp;nrf_esb_init
</UL>

<P><STRONG><a name="[6d]"></a>tx_fifo_remove_last</STRONG> (Thumb, 50 bytes, Stack size 8 bytes, nrf_esb.o(i.tx_fifo_remove_last))
<BR><BR>[Stack]<UL><LI>Max Depth = 8<LI>Call Chain = tx_fifo_remove_last
</UL>
<BR>[Calls]<UL><LI><a href="#[60]">&gt;&gt;</a>&nbsp;&nbsp;&nbsp;NVIC_EnableIRQ
<LI><a href="#[58]">&gt;&gt;</a>&nbsp;&nbsp;&nbsp;NVIC_DisableIRQ
</UL>
<BR>[Called By]<UL><LI><a href="#[25]">&gt;&gt;</a>&nbsp;&nbsp;&nbsp;on_radio_disabled_tx_wait_for_ack
<LI><a href="#[27]">&gt;&gt;</a>&nbsp;&nbsp;&nbsp;on_radio_disabled_tx_noack
</UL>

<P><STRONG><a name="[65]"></a>update_radio_addresses</STRONG> (Thumb, 76 bytes, Stack size 8 bytes, nrf_esb.o(i.update_radio_addresses))
<BR><BR>[Stack]<UL><LI>Max Depth = 16<LI>Call Chain = update_radio_addresses &rArr; addr_conv
</UL>
<BR>[Calls]<UL><LI><a href="#[38]">&gt;&gt;</a>&nbsp;&nbsp;&nbsp;bytewise_bit_swap
<LI><a href="#[37]">&gt;&gt;</a>&nbsp;&nbsp;&nbsp;addr_conv
</UL>
<BR>[Called By]<UL><LI><a href="#[43]">&gt;&gt;</a>&nbsp;&nbsp;&nbsp;nrf_esb_update_prefix
<LI><a href="#[55]">&gt;&gt;</a>&nbsp;&nbsp;&nbsp;nrf_esb_set_prefixes
<LI><a href="#[42]">&gt;&gt;</a>&nbsp;&nbsp;&nbsp;nrf_esb_set_base_address_1
<LI><a href="#[54]">&gt;&gt;</a>&nbsp;&nbsp;&nbsp;nrf_esb_set_base_address_0
</UL>

<P><STRONG><a name="[79]"></a>update_radio_bitrate</STRONG> (Thumb, 68 bytes, Stack size 0 bytes, nrf_esb.o(i.update_radio_bitrate))
<BR><BR>[Called By]<UL><LI><a href="#[61]">&gt;&gt;</a>&nbsp;&nbsp;&nbsp;update_radio_parameters
</UL>

<P><STRONG><a name="[7b]"></a>update_radio_crc</STRONG> (Thumb, 48 bytes, Stack size 0 bytes, nrf_esb.o(i.update_radio_crc))
<BR><BR>[Called By]<UL><LI><a href="#[61]">&gt;&gt;</a>&nbsp;&nbsp;&nbsp;update_radio_parameters
</UL>

<P><STRONG><a name="[61]"></a>update_radio_parameters</STRONG> (Thumb, 30 bytes, Stack size 8 bytes, nrf_esb.o(i.update_radio_parameters))
<BR><BR>[Stack]<UL><LI>Max Depth = 8<LI>Call Chain = update_radio_parameters
</UL>
<BR>[Calls]<UL><LI><a href="#[78]">&gt;&gt;</a>&nbsp;&nbsp;&nbsp;update_radio_tx_power
<LI><a href="#[7a]">&gt;&gt;</a>&nbsp;&nbsp;&nbsp;update_radio_protocol
<LI><a href="#[7b]">&gt;&gt;</a>&nbsp;&nbsp;&nbsp;update_radio_crc
<LI><a href="#[79]">&gt;&gt;</a>&nbsp;&nbsp;&nbsp;update_radio_bitrate
</UL>
<BR>[Called By]<UL><LI><a href="#[46]">&gt;&gt;</a>&nbsp;&nbsp;&nbsp;nrf_esb_init
</UL>

<P><STRONG><a name="[7a]"></a>update_radio_protocol</STRONG> (Thumb, 34 bytes, Stack size 0 bytes, nrf_esb.o(i.update_radio_protocol))
<BR><BR>[Called By]<UL><LI><a href="#[61]">&gt;&gt;</a>&nbsp;&nbsp;&nbsp;update_radio_parameters
</UL>

<P><STRONG><a name="[78]"></a>update_radio_tx_power</STRONG> (Thumb, 10 bytes, Stack size 0 bytes, nrf_esb.o(i.update_radio_tx_power))
<BR><BR>[Called By]<UL><LI><a href="#[61]">&gt;&gt;</a>&nbsp;&nbsp;&nbsp;update_radio_parameters
</UL>

<P><STRONG><a name="[29]"></a>update_rf_payload_format_esb</STRONG> (Thumb, 32 bytes, Stack size 0 bytes, nrf_esb.o(i.update_rf_payload_format_esb))
<BR>[Address Reference Count : 1]<UL><LI> nrf_esb.o(i.update_radio_protocol)
</UL>
<P><STRONG><a name="[28]"></a>update_rf_payload_format_esb_dpl</STRONG> (Thumb, 30 bytes, Stack size 0 bytes, nrf_esb.o(i.update_rf_payload_format_esb_dpl))
<BR>[Address Reference Count : 1]<UL><LI> nrf_esb.o(i.update_radio_protocol)
</UL>
<P><STRONG><a name="[32]"></a>is_disabled_in_debug_needed</STRONG> (Thumb, 52 bytes, Stack size 0 bytes, system_nrf51.o(i.is_disabled_in_debug_needed))
<BR><BR>[Called By]<UL><LI><a href="#[20]">&gt;&gt;</a>&nbsp;&nbsp;&nbsp;SystemInit
</UL>

<P><STRONG><a name="[31]"></a>is_manual_peripheral_setup_needed</STRONG> (Thumb, 104 bytes, Stack size 0 bytes, system_nrf51.o(i.is_manual_peripheral_setup_needed))
<BR><BR>[Called By]<UL><LI><a href="#[20]">&gt;&gt;</a>&nbsp;&nbsp;&nbsp;SystemInit
</UL>

<P><STRONG><a name="[33]"></a>is_peripheral_domain_setup_needed</STRONG> (Thumb, 78 bytes, Stack size 0 bytes, system_nrf51.o(i.is_peripheral_domain_setup_needed))
<BR><BR>[Called By]<UL><LI><a href="#[20]">&gt;&gt;</a>&nbsp;&nbsp;&nbsp;SystemInit
</UL>
<P>
<H3>
Undefined Global Symbols
</H3><HR></body></html>
