Component: ARM Compiler 5.05 update 1 (build 106) Tool: armlink [4d0efa]

==============================================================================

Section Cross References

    main.o(i.TIMER0_IRQHandler) refers to app_common.o(i.ds_update) for ds_update
    main.o(i.TIMER0_IRQHandler) refers to main.o(i.enter_normal_mode) for enter_normal_mode
    main.o(i.TIMER0_IRQHandler) refers to main.o(i.interval_timer_event_handler) for interval_timer_event_handler
    main.o(i.TIMER0_IRQHandler) refers to main.o(.data) for g_pairing_timeout
    main.o(i.TIMER0_IRQHandler) refers to main.o(.bss) for g_ds
    main.o(i.do_channel_list_generation) refers to main.o(.constdata) for gca_available_chlist
    main.o(i.do_channel_list_generation) refers to main.o(.bss) for g_ds
    main.o(i.enter_normal_mode) refers to main.o(i.interval_timer_stop) for interval_timer_stop
    main.o(i.enter_normal_mode) refers to memcpya.o(.text) for __aeabi_memcpy4
    main.o(i.enter_normal_mode) refers to main.o(i.interval_timer_start) for interval_timer_start
    main.o(i.enter_normal_mode) refers to main.o(i.nrf_gpio_pin_set) for nrf_gpio_pin_set
    main.o(i.enter_normal_mode) refers to main.o(.data) for g_pairing_timeout
    main.o(i.enter_normal_mode) refers to main.o(.bss) for g_ds
    main.o(i.enter_setup_mode) refers to main.o(i.do_channel_list_generation) for do_channel_list_generation
    main.o(i.enter_setup_mode) refers to main.o(i.esb_init) for esb_init
    main.o(i.enter_setup_mode) refers to main.o(i.nrf_esb_error_handler) for nrf_esb_error_handler
    main.o(i.enter_setup_mode) refers to memcpya.o(.text) for __aeabi_memcpy4
    main.o(i.enter_setup_mode) refers to nrf_esb.o(i.nrf_esb_set_rf_channel) for nrf_esb_set_rf_channel
    main.o(i.enter_setup_mode) refers to nrf_esb.o(i.nrf_esb_start_rx) for nrf_esb_start_rx
    main.o(i.enter_setup_mode) refers to main.o(i.interval_timer_start) for interval_timer_start
    main.o(i.enter_setup_mode) refers to main.o(i.nrf_gpio_pin_clear) for nrf_gpio_pin_clear
    main.o(i.enter_setup_mode) refers to main.o(.data) for g_mode
    main.o(i.enter_setup_mode) refers to main.o(.constdata) for gca_pairing_chlist
    main.o(i.enter_setup_mode) refers to main.o(.bss) for g_ds
    main.o(i.esb_init) refers to memcpya.o(.text) for __aeabi_memcpy4
    main.o(i.esb_init) refers to nrf_esb.o(i.nrf_esb_disable) for nrf_esb_disable
    main.o(i.esb_init) refers to nrf_esb.o(i.nrf_esb_init) for nrf_esb_init
    main.o(i.esb_init) refers to main.o(.constdata) for .constdata
    main.o(i.esb_init) refers to main.o(i.nrf_esb_event_handler) for nrf_esb_event_handler
    main.o(i.gpio_init) refers to main.o(i.nrf_gpio_cfg_output) for nrf_gpio_cfg_output
    main.o(i.gpio_init) refers to main.o(i.nrf_gpio_pin_set) for nrf_gpio_pin_set
    main.o(i.gpio_init) refers to main.o(i.nrf_gpio_cfg) for nrf_gpio_cfg
    main.o(i.hop_channel) refers to nrf_esb.o(i.nrf_esb_is_idle) for nrf_esb_is_idle
    main.o(i.hop_channel) refers to nrf_esb.o(i.nrf_esb_stop_rx) for nrf_esb_stop_rx
    main.o(i.hop_channel) refers to main.o(i.esb_init) for esb_init
    main.o(i.hop_channel) refers to nrf_esb.o(i.nrf_esb_set_rf_channel) for nrf_esb_set_rf_channel
    main.o(i.hop_channel) refers to main.o(i.nrf_esb_error_handler) for nrf_esb_error_handler
    main.o(i.hop_channel) refers to main.o(.data) for g_cur_ch_idx
    main.o(i.interval_timer_event_handler) refers to main.o(i.hop_channel) for hop_channel
    main.o(i.interval_timer_event_handler) refers to main.o(i.nrf_gpio_pin_toggle) for nrf_gpio_pin_toggle
    main.o(i.interval_timer_event_handler) refers to main.o(i.esb_init) for esb_init
    main.o(i.interval_timer_event_handler) refers to main.o(i.send_beacon) for send_beacon
    main.o(i.interval_timer_event_handler) refers to nrf_esb.o(i.nrf_esb_start_rx) for nrf_esb_start_rx
    main.o(i.interval_timer_event_handler) refers to main.o(.data) for g_cur_ch_idx
    main.o(i.main) refers to main.o(i.gpio_init) for gpio_init
    main.o(i.main) refers to main.o(i.nrf_esb_error_handler) for nrf_esb_error_handler
    main.o(i.main) refers to main.o(i.clocks_start) for clocks_start
    main.o(i.main) refers to main.o(i.interval_timer_init) for interval_timer_init
    main.o(i.main) refers to main.o(i.host_chip_id_read) for host_chip_id_read
    main.o(i.main) refers to app_common.o(i.ds_get) for ds_get
    main.o(i.main) refers to nrf_esb.o(i.nrf_esb_set_base_address_0) for nrf_esb_set_base_address_0
    main.o(i.main) refers to nrf_esb.o(i.nrf_esb_set_base_address_1) for nrf_esb_set_base_address_1
    main.o(i.main) refers to nrf_esb.o(i.nrf_esb_set_prefixes) for nrf_esb_set_prefixes
    main.o(i.main) refers to main.o(i.enter_setup_mode) for enter_setup_mode
    main.o(i.main) refers to main.o(i.enter_normal_mode) for enter_normal_mode
    main.o(i.main) refers to main.o(.data) for g_base_addr_1
    main.o(i.main) refers to main.o(.bss) for g_ds
    main.o(i.nrf_esb_event_handler) refers to main.o(i.nrf_gpio_pin_set) for nrf_gpio_pin_set
    main.o(i.nrf_esb_event_handler) refers to nrf_esb.o(i.nrf_esb_flush_rx) for nrf_esb_flush_rx
    main.o(i.nrf_esb_event_handler) refers to nrf_esb.o(i.nrf_esb_flush_tx) for nrf_esb_flush_tx
    main.o(i.nrf_esb_event_handler) refers to main.o(i.esb_init) for esb_init
    main.o(i.nrf_esb_event_handler) refers to nrf_esb.o(i.nrf_esb_start_rx) for nrf_esb_start_rx
    main.o(i.nrf_esb_event_handler) refers to nrf_esb.o(i.nrf_esb_read_rx_payload) for nrf_esb_read_rx_payload
    main.o(i.nrf_esb_event_handler) refers to memcpya.o(.text) for __aeabi_memcpy4
    main.o(i.nrf_esb_event_handler) refers to nrf_esb.o(i.nrf_esb_write_payload) for nrf_esb_write_payload
    main.o(i.nrf_esb_event_handler) refers to app_common.o(i.ds_update) for ds_update
    main.o(i.nrf_esb_event_handler) refers to main.o(i.enter_normal_mode) for enter_normal_mode
    main.o(i.nrf_esb_event_handler) refers to main.o(.data) for g_mode
    main.o(i.nrf_esb_event_handler) refers to main.o(.bss) for rx_payload
    main.o(i.nrf_gpio_cfg_output) refers to main.o(i.nrf_gpio_cfg) for nrf_gpio_cfg
    main.o(i.send_beacon) refers to main.o(i.nrf_gpio_pin_toggle) for nrf_gpio_pin_toggle
    main.o(i.send_beacon) refers to nrf_esb.o(i.nrf_esb_write_payload) for nrf_esb_write_payload
    main.o(i.send_beacon) refers to main.o(i.nrf_gpio_pin_clear) for nrf_gpio_pin_clear
    main.o(i.send_beacon) refers to main.o(.data) for g_cur_ch_idx
    nrf_drv_common.o(i.nrf_drv_common_irq_enable) refers to nrf_drv_common.o(i.NVIC_SetPriority) for NVIC_SetPriority
    nrf_drv_uart.o(i.UART0_IRQHandler) refers to nrf_drv_uart.o(i.uart_irq_handler) for uart_irq_handler
    nrf_drv_uart.o(i.UART0_IRQHandler) refers to nrf_drv_uart.o(.bss) for m_cb
    nrf_drv_uart.o(i.apply_config) refers to nrf_drv_uart.o(i.nrf_gpio_pin_set) for nrf_gpio_pin_set
    nrf_drv_uart.o(i.apply_config) refers to nrf_drv_uart.o(i.nrf_gpio_cfg_output) for nrf_gpio_cfg_output
    nrf_drv_uart.o(i.apply_config) refers to nrf_drv_uart.o(i.nrf_gpio_cfg_input) for nrf_gpio_cfg_input
    nrf_drv_uart.o(i.apply_config) refers to nrf_drv_uart.o(i.nrf_uart_txrx_pins_set) for nrf_uart_txrx_pins_set
    nrf_drv_uart.o(i.apply_config) refers to nrf_drv_uart.o(i.nrf_uart_hwfc_pins_set) for nrf_uart_hwfc_pins_set
    nrf_drv_uart.o(i.nrf_drv_uart_errorsrc_get) refers to nrf_drv_uart.o(i.nrf_uart_event_clear) for nrf_uart_event_clear
    nrf_drv_uart.o(i.nrf_drv_uart_errorsrc_get) refers to nrf_drv_uart.o(i.nrf_uart_errorsrc_get_and_clear) for nrf_uart_errorsrc_get_and_clear
    nrf_drv_uart.o(i.nrf_drv_uart_init) refers to nrf_drv_uart.o(i.apply_config) for apply_config
    nrf_drv_uart.o(i.nrf_drv_uart_init) refers to nrf_drv_uart.o(i.nrf_uart_event_clear) for nrf_uart_event_clear
    nrf_drv_uart.o(i.nrf_drv_uart_init) refers to nrf_drv_uart.o(i.nrf_uart_int_enable) for nrf_uart_int_enable
    nrf_drv_uart.o(i.nrf_drv_uart_init) refers to nrf_drv_uart.o(i.nrf_drv_get_IRQn) for nrf_drv_get_IRQn
    nrf_drv_uart.o(i.nrf_drv_uart_init) refers to nrf_drv_common.o(i.nrf_drv_common_irq_enable) for nrf_drv_common_irq_enable
    nrf_drv_uart.o(i.nrf_drv_uart_init) refers to nrf_drv_uart.o(.bss) for m_cb
    nrf_drv_uart.o(i.nrf_drv_uart_rx) refers to nrf_drv_uart.o(i.nrf_uart_int_disable) for nrf_uart_int_disable
    nrf_drv_uart.o(i.nrf_drv_uart_rx) refers to nrf_drv_uart.o(i.nrf_uart_int_enable) for nrf_uart_int_enable
    nrf_drv_uart.o(i.nrf_drv_uart_rx) refers to nrf_drv_uart.o(i.nrf_drv_uart_rx_for_uart) for nrf_drv_uart_rx_for_uart
    nrf_drv_uart.o(i.nrf_drv_uart_rx) refers to nrf_drv_uart.o(.bss) for m_cb
    nrf_drv_uart.o(i.nrf_drv_uart_rx_abort) refers to nrf_drv_uart.o(i.nrf_uart_int_disable) for nrf_uart_int_disable
    nrf_drv_uart.o(i.nrf_drv_uart_rx_abort) refers to nrf_drv_uart.o(i.nrf_uart_task_trigger) for nrf_uart_task_trigger
    nrf_drv_uart.o(i.nrf_drv_uart_rx_disable) refers to nrf_drv_uart.o(i.nrf_uart_task_trigger) for nrf_uart_task_trigger
    nrf_drv_uart.o(i.nrf_drv_uart_rx_disable) refers to nrf_drv_uart.o(.bss) for m_cb
    nrf_drv_uart.o(i.nrf_drv_uart_rx_enable) refers to nrf_drv_uart.o(i.rx_enable) for rx_enable
    nrf_drv_uart.o(i.nrf_drv_uart_rx_enable) refers to nrf_drv_uart.o(.bss) for m_cb
    nrf_drv_uart.o(i.nrf_drv_uart_rx_for_uart) refers to nrf_drv_uart.o(i.rx_enable) for rx_enable
    nrf_drv_uart.o(i.nrf_drv_uart_rx_for_uart) refers to nrf_drv_uart.o(i.nrf_uart_event_clear) for nrf_uart_event_clear
    nrf_drv_uart.o(i.nrf_drv_uart_rx_for_uart) refers to nrf_drv_uart.o(i.nrf_uart_event_check) for nrf_uart_event_check
    nrf_drv_uart.o(i.nrf_drv_uart_rx_for_uart) refers to nrf_drv_uart.o(i.rx_byte) for rx_byte
    nrf_drv_uart.o(i.nrf_drv_uart_rx_for_uart) refers to nrf_drv_uart.o(i.nrf_uart_task_trigger) for nrf_uart_task_trigger
    nrf_drv_uart.o(i.nrf_drv_uart_rx_for_uart) refers to nrf_drv_uart.o(i.nrf_uart_int_enable) for nrf_uart_int_enable
    nrf_drv_uart.o(i.nrf_drv_uart_rx_for_uart) refers to nrf_drv_uart.o(.bss) for m_cb
    nrf_drv_uart.o(i.nrf_drv_uart_tx) refers to nrf_drv_uart.o(i.nrf_drv_uart_tx_in_progress) for nrf_drv_uart_tx_in_progress
    nrf_drv_uart.o(i.nrf_drv_uart_tx) refers to nrf_drv_uart.o(i.nrf_drv_uart_tx_for_uart) for nrf_drv_uart_tx_for_uart
    nrf_drv_uart.o(i.nrf_drv_uart_tx) refers to nrf_drv_uart.o(.bss) for m_cb
    nrf_drv_uart.o(i.nrf_drv_uart_tx_abort) refers to nrf_drv_uart.o(i.nrf_uart_task_trigger) for nrf_uart_task_trigger
    nrf_drv_uart.o(i.nrf_drv_uart_tx_abort) refers to nrf_drv_uart.o(i.tx_done_event) for tx_done_event
    nrf_drv_uart.o(i.nrf_drv_uart_tx_abort) refers to nrf_drv_uart.o(.bss) for m_cb
    nrf_drv_uart.o(i.nrf_drv_uart_tx_for_uart) refers to nrf_drv_uart.o(i.nrf_uart_event_clear) for nrf_uart_event_clear
    nrf_drv_uart.o(i.nrf_drv_uart_tx_for_uart) refers to nrf_drv_uart.o(i.nrf_uart_task_trigger) for nrf_uart_task_trigger
    nrf_drv_uart.o(i.nrf_drv_uart_tx_for_uart) refers to nrf_drv_uart.o(i.tx_byte) for tx_byte
    nrf_drv_uart.o(i.nrf_drv_uart_tx_for_uart) refers to nrf_drv_uart.o(i.nrf_uart_event_check) for nrf_uart_event_check
    nrf_drv_uart.o(i.nrf_drv_uart_tx_for_uart) refers to nrf_drv_uart.o(.bss) for m_cb
    nrf_drv_uart.o(i.nrf_drv_uart_tx_in_progress) refers to nrf_drv_uart.o(.bss) for m_cb
    nrf_drv_uart.o(i.nrf_drv_uart_uninit) refers to nrf_drv_uart.o(i.nrf_uart_int_disable) for nrf_uart_int_disable
    nrf_drv_uart.o(i.nrf_drv_uart_uninit) refers to nrf_drv_uart.o(i.nrf_drv_get_IRQn) for nrf_drv_get_IRQn
    nrf_drv_uart.o(i.nrf_drv_uart_uninit) refers to nrf_drv_uart.o(i.pins_to_default) for pins_to_default
    nrf_drv_uart.o(i.nrf_drv_uart_uninit) refers to nrf_drv_uart.o(.bss) for m_cb
    nrf_drv_uart.o(i.nrf_gpio_cfg_default) refers to nrf_drv_uart.o(i.nrf_gpio_cfg) for nrf_gpio_cfg
    nrf_drv_uart.o(i.nrf_gpio_cfg_input) refers to nrf_drv_uart.o(i.nrf_gpio_cfg) for nrf_gpio_cfg
    nrf_drv_uart.o(i.nrf_gpio_cfg_output) refers to nrf_drv_uart.o(i.nrf_gpio_cfg) for nrf_gpio_cfg
    nrf_drv_uart.o(i.pins_to_default) refers to nrf_drv_uart.o(i.nrf_uart_txrx_pins_set) for nrf_uart_txrx_pins_set
    nrf_drv_uart.o(i.pins_to_default) refers to nrf_drv_uart.o(i.nrf_uart_hwfc_pins_set) for nrf_uart_hwfc_pins_set
    nrf_drv_uart.o(i.pins_to_default) refers to nrf_drv_uart.o(i.nrf_gpio_cfg_default) for nrf_gpio_cfg_default
    nrf_drv_uart.o(i.rx_byte) refers to nrf_drv_uart.o(i.nrf_uart_event_clear) for nrf_uart_event_clear
    nrf_drv_uart.o(i.rx_enable) refers to nrf_drv_uart.o(i.nrf_uart_event_clear) for nrf_uart_event_clear
    nrf_drv_uart.o(i.rx_enable) refers to nrf_drv_uart.o(i.nrf_uart_task_trigger) for nrf_uart_task_trigger
    nrf_drv_uart.o(i.tx_byte) refers to nrf_drv_uart.o(i.nrf_uart_event_clear) for nrf_uart_event_clear
    nrf_drv_uart.o(i.uart_irq_handler) refers to nrf_drv_uart.o(i.nrf_uart_int_enable_check) for nrf_uart_int_enable_check
    nrf_drv_uart.o(i.uart_irq_handler) refers to nrf_drv_uart.o(i.nrf_uart_event_check) for nrf_uart_event_check
    nrf_drv_uart.o(i.uart_irq_handler) refers to nrf_drv_uart.o(i.nrf_uart_event_clear) for nrf_uart_event_clear
    nrf_drv_uart.o(i.uart_irq_handler) refers to nrf_drv_uart.o(i.nrf_uart_int_disable) for nrf_uart_int_disable
    nrf_drv_uart.o(i.uart_irq_handler) refers to nrf_drv_uart.o(i.nrf_uart_task_trigger) for nrf_uart_task_trigger
    nrf_drv_uart.o(i.uart_irq_handler) refers to nrf_drv_uart.o(i.nrf_uart_errorsrc_get_and_clear) for nrf_uart_errorsrc_get_and_clear
    nrf_drv_uart.o(i.uart_irq_handler) refers to nrf_drv_uart.o(i.rx_byte) for rx_byte
    nrf_drv_uart.o(i.uart_irq_handler) refers to nrf_drv_uart.o(i.rx_done_event) for rx_done_event
    nrf_drv_uart.o(i.uart_irq_handler) refers to nrf_drv_uart.o(i.tx_byte) for tx_byte
    nrf_drv_uart.o(i.uart_irq_handler) refers to nrf_drv_uart.o(i.tx_done_event) for tx_done_event
    app_error.o(i.app_error_handler) refers to app_error_weak.o(i.app_error_fault_handler) for app_error_fault_handler
    app_error.o(i.app_error_handler_bare) refers to app_error_weak.o(i.app_error_fault_handler) for app_error_fault_handler
    app_error.o(i.app_error_save_and_stop) refers to app_error.o(.bss) for m_error_data
    app_util_platform.o(i.app_util_critical_region_enter) refers to app_util_platform.o(i.app_util_disable_irq) for app_util_disable_irq
    app_util_platform.o(i.app_util_critical_region_exit) refers to app_util_platform.o(i.app_util_enable_irq) for app_util_enable_irq
    app_util_platform.o(i.app_util_disable_irq) refers to app_util_platform.o(.data) for m_in_critical_region
    app_util_platform.o(i.app_util_enable_irq) refers to app_util_platform.o(.data) for m_in_critical_region
    nrf_assert.o(i.assert_nrf_callback) refers to app_error_weak.o(i.app_error_fault_handler) for app_error_fault_handler
    nrf_esb.o(i.RADIO_IRQHandler) refers to nrf_esb.o(.data) for on_radio_end
    nrf_esb.o(i.SWI0_IRQHandler) refers to nrf_esb.o(i.nrf_esb_get_clear_interrupts) for nrf_esb_get_clear_interrupts
    nrf_esb.o(i.SWI0_IRQHandler) refers to nrf_esb.o(.data) for m_last_tx_attempts
    nrf_esb.o(i.addr_conv) refers to nrf_esb.o(i.bytewise_bit_swap) for bytewise_bit_swap
    nrf_esb.o(i.clear_events_restart_rx) refers to nrf_esb.o(.bss) for m_config_local
    nrf_esb.o(i.clear_events_restart_rx) refers to nrf_esb.o(.data) for update_rf_payload_format
    nrf_esb.o(i.initialize_fifos) refers to nrf_esb.o(i.reset_fifos) for reset_fifos
    nrf_esb.o(i.initialize_fifos) refers to nrf_esb.o(.bss) for m_tx_fifo_payload
    nrf_esb.o(i.nrf_esb_disable) refers to nrf_esb.o(i.reset_fifos) for reset_fifos
    nrf_esb.o(i.nrf_esb_disable) refers to memseta.o(.text) for __aeabi_memclr
    nrf_esb.o(i.nrf_esb_disable) refers to nrf_esb.o(i.NVIC_DisableIRQ) for NVIC_DisableIRQ
    nrf_esb.o(i.nrf_esb_disable) refers to nrf_esb.o(.data) for m_nrf_esb_mainstate
    nrf_esb.o(i.nrf_esb_disable) refers to nrf_esb.o(.bss) for m_rx_pipe_info
    nrf_esb.o(i.nrf_esb_enable_pipes) refers to nrf_esb.o(.data) for m_nrf_esb_mainstate
    nrf_esb.o(i.nrf_esb_flush_rx) refers to nrf_esb.o(i.NVIC_DisableIRQ) for NVIC_DisableIRQ
    nrf_esb.o(i.nrf_esb_flush_rx) refers to memseta.o(.text) for __aeabi_memclr
    nrf_esb.o(i.nrf_esb_flush_rx) refers to nrf_esb.o(i.NVIC_EnableIRQ) for NVIC_EnableIRQ
    nrf_esb.o(i.nrf_esb_flush_rx) refers to nrf_esb.o(.data) for m_esb_initialized
    nrf_esb.o(i.nrf_esb_flush_rx) refers to nrf_esb.o(.bss) for m_rx_fifo
    nrf_esb.o(i.nrf_esb_flush_tx) refers to nrf_esb.o(i.NVIC_DisableIRQ) for NVIC_DisableIRQ
    nrf_esb.o(i.nrf_esb_flush_tx) refers to nrf_esb.o(i.NVIC_EnableIRQ) for NVIC_EnableIRQ
    nrf_esb.o(i.nrf_esb_flush_tx) refers to nrf_esb.o(.data) for m_esb_initialized
    nrf_esb.o(i.nrf_esb_flush_tx) refers to nrf_esb.o(.bss) for m_tx_fifo
    nrf_esb.o(i.nrf_esb_get_clear_interrupts) refers to nrf_esb.o(i.NVIC_DisableIRQ) for NVIC_DisableIRQ
    nrf_esb.o(i.nrf_esb_get_clear_interrupts) refers to nrf_esb.o(i.NVIC_EnableIRQ) for NVIC_EnableIRQ
    nrf_esb.o(i.nrf_esb_get_clear_interrupts) refers to nrf_esb.o(.data) for m_esb_initialized
    nrf_esb.o(i.nrf_esb_get_rf_channel) refers to nrf_esb.o(.data) for m_esb_addr
    nrf_esb.o(i.nrf_esb_init) refers to nrf_esb.o(i.nrf_esb_disable) for nrf_esb_disable
    nrf_esb.o(i.nrf_esb_init) refers to memcpya.o(.text) for __aeabi_memcpy4
    nrf_esb.o(i.nrf_esb_init) refers to memseta.o(.text) for __aeabi_memclr
    nrf_esb.o(i.nrf_esb_init) refers to nrf_esb.o(i.update_radio_parameters) for update_radio_parameters
    nrf_esb.o(i.nrf_esb_init) refers to nrf_esb.o(i.initialize_fifos) for initialize_fifos
    nrf_esb.o(i.nrf_esb_init) refers to nrf_esb.o(i.sys_timer_init) for sys_timer_init
    nrf_esb.o(i.nrf_esb_init) refers to nrf_esb.o(i.ppi_init) for ppi_init
    nrf_esb.o(i.nrf_esb_init) refers to nrf_esb.o(i.NVIC_SetPriority) for NVIC_SetPriority
    nrf_esb.o(i.nrf_esb_init) refers to nrf_esb.o(i.NVIC_EnableIRQ) for NVIC_EnableIRQ
    nrf_esb.o(i.nrf_esb_init) refers to nrf_esb.o(.data) for m_esb_initialized
    nrf_esb.o(i.nrf_esb_init) refers to nrf_esb.o(.bss) for m_config_local
    nrf_esb.o(i.nrf_esb_is_idle) refers to nrf_esb.o(.data) for m_nrf_esb_mainstate
    nrf_esb.o(i.nrf_esb_pop_tx) refers to nrf_esb.o(i.NVIC_DisableIRQ) for NVIC_DisableIRQ
    nrf_esb.o(i.nrf_esb_pop_tx) refers to nrf_esb.o(i.NVIC_EnableIRQ) for NVIC_EnableIRQ
    nrf_esb.o(i.nrf_esb_pop_tx) refers to nrf_esb.o(.data) for m_esb_initialized
    nrf_esb.o(i.nrf_esb_pop_tx) refers to nrf_esb.o(.bss) for m_tx_fifo
    nrf_esb.o(i.nrf_esb_read_rx_payload) refers to nrf_esb.o(i.NVIC_DisableIRQ) for NVIC_DisableIRQ
    nrf_esb.o(i.nrf_esb_read_rx_payload) refers to memcpya.o(.text) for __aeabi_memcpy
    nrf_esb.o(i.nrf_esb_read_rx_payload) refers to nrf_esb.o(i.NVIC_EnableIRQ) for NVIC_EnableIRQ
    nrf_esb.o(i.nrf_esb_read_rx_payload) refers to nrf_esb.o(.data) for m_esb_initialized
    nrf_esb.o(i.nrf_esb_read_rx_payload) refers to nrf_esb.o(.bss) for m_rx_fifo
    nrf_esb.o(i.nrf_esb_set_address_length) refers to nrf_esb.o(.data) for m_nrf_esb_mainstate
    nrf_esb.o(i.nrf_esb_set_address_length) refers to nrf_esb.o(.bss) for m_config_local
    nrf_esb.o(i.nrf_esb_set_base_address_0) refers to memcpya.o(.text) for __aeabi_memcpy
    nrf_esb.o(i.nrf_esb_set_base_address_0) refers to nrf_esb.o(i.update_radio_addresses) for update_radio_addresses
    nrf_esb.o(i.nrf_esb_set_base_address_0) refers to nrf_esb.o(.data) for m_nrf_esb_mainstate
    nrf_esb.o(i.nrf_esb_set_base_address_1) refers to memcpya.o(.text) for __aeabi_memcpy
    nrf_esb.o(i.nrf_esb_set_base_address_1) refers to nrf_esb.o(i.update_radio_addresses) for update_radio_addresses
    nrf_esb.o(i.nrf_esb_set_base_address_1) refers to nrf_esb.o(.data) for m_nrf_esb_mainstate
    nrf_esb.o(i.nrf_esb_set_prefixes) refers to memcpya.o(.text) for __aeabi_memcpy
    nrf_esb.o(i.nrf_esb_set_prefixes) refers to nrf_esb.o(i.update_radio_addresses) for update_radio_addresses
    nrf_esb.o(i.nrf_esb_set_prefixes) refers to nrf_esb.o(.data) for m_nrf_esb_mainstate
    nrf_esb.o(i.nrf_esb_set_rf_channel) refers to nrf_esb.o(.data) for m_nrf_esb_mainstate
    nrf_esb.o(i.nrf_esb_set_tx_power) refers to nrf_esb.o(i.update_radio_tx_power) for update_radio_tx_power
    nrf_esb.o(i.nrf_esb_set_tx_power) refers to nrf_esb.o(.data) for m_nrf_esb_mainstate
    nrf_esb.o(i.nrf_esb_set_tx_power) refers to nrf_esb.o(.bss) for m_config_local
    nrf_esb.o(i.nrf_esb_start_rx) refers to nrf_esb.o(i.NVIC_ClearPendingIRQ) for NVIC_ClearPendingIRQ
    nrf_esb.o(i.nrf_esb_start_rx) refers to nrf_esb.o(i.NVIC_EnableIRQ) for NVIC_EnableIRQ
    nrf_esb.o(i.nrf_esb_start_rx) refers to nrf_esb.o(.data) for m_nrf_esb_mainstate
    nrf_esb.o(i.nrf_esb_start_rx) refers to nrf_esb.o(i.on_radio_disabled_rx) for on_radio_disabled_rx
    nrf_esb.o(i.nrf_esb_start_rx) refers to nrf_esb.o(.bss) for m_rx_payload_buffer
    nrf_esb.o(i.nrf_esb_start_tx) refers to nrf_esb.o(i.start_tx_transaction) for start_tx_transaction
    nrf_esb.o(i.nrf_esb_start_tx) refers to nrf_esb.o(.data) for m_nrf_esb_mainstate
    nrf_esb.o(i.nrf_esb_start_tx) refers to nrf_esb.o(.bss) for m_tx_fifo
    nrf_esb.o(i.nrf_esb_stop_rx) refers to nrf_esb.o(.data) for m_nrf_esb_mainstate
    nrf_esb.o(i.nrf_esb_suspend) refers to nrf_esb.o(.data) for m_nrf_esb_mainstate
    nrf_esb.o(i.nrf_esb_update_prefix) refers to nrf_esb.o(i.update_radio_addresses) for update_radio_addresses
    nrf_esb.o(i.nrf_esb_update_prefix) refers to nrf_esb.o(.data) for m_nrf_esb_mainstate
    nrf_esb.o(i.nrf_esb_write_payload) refers to nrf_esb.o(i.NVIC_DisableIRQ) for NVIC_DisableIRQ
    nrf_esb.o(i.nrf_esb_write_payload) refers to memcpya.o(.text) for __aeabi_memcpy
    nrf_esb.o(i.nrf_esb_write_payload) refers to nrf_esb.o(i.NVIC_EnableIRQ) for NVIC_EnableIRQ
    nrf_esb.o(i.nrf_esb_write_payload) refers to nrf_esb.o(i.start_tx_transaction) for start_tx_transaction
    nrf_esb.o(i.nrf_esb_write_payload) refers to nrf_esb.o(.data) for m_esb_initialized
    nrf_esb.o(i.nrf_esb_write_payload) refers to nrf_esb.o(.bss) for m_config_local
    nrf_esb.o(i.on_radio_disabled_rx) refers to nrf_esb.o(i.clear_events_restart_rx) for clear_events_restart_rx
    nrf_esb.o(i.on_radio_disabled_rx) refers to memcpya.o(.text) for __aeabi_memcpy
    nrf_esb.o(i.on_radio_disabled_rx) refers to nrf_esb.o(i.rx_fifo_push_rfbuf) for rx_fifo_push_rfbuf
    nrf_esb.o(i.on_radio_disabled_rx) refers to nrf_esb.o(i.NVIC_SetPendingIRQ) for NVIC_SetPendingIRQ
    nrf_esb.o(i.on_radio_disabled_rx) refers to nrf_esb.o(.bss) for m_rx_fifo
    nrf_esb.o(i.on_radio_disabled_rx) refers to nrf_esb.o(.data) for m_interrupt_flags
    nrf_esb.o(i.on_radio_disabled_rx) refers to nrf_esb.o(i.on_radio_disabled_rx_ack) for on_radio_disabled_rx_ack
    nrf_esb.o(i.on_radio_disabled_rx_ack) refers to nrf_esb.o(.bss) for m_config_local
    nrf_esb.o(i.on_radio_disabled_rx_ack) refers to nrf_esb.o(.data) for update_rf_payload_format
    nrf_esb.o(i.on_radio_disabled_rx_ack) refers to nrf_esb.o(i.on_radio_disabled_rx) for on_radio_disabled_rx
    nrf_esb.o(i.on_radio_disabled_tx) refers to nrf_esb.o(.data) for m_wait_for_ack_timeout_us
    nrf_esb.o(i.on_radio_disabled_tx) refers to nrf_esb.o(.bss) for m_config_local
    nrf_esb.o(i.on_radio_disabled_tx) refers to nrf_esb.o(i.on_radio_disabled_tx_wait_for_ack) for on_radio_disabled_tx_wait_for_ack
    nrf_esb.o(i.on_radio_disabled_tx_noack) refers to nrf_esb.o(i.tx_fifo_remove_last) for tx_fifo_remove_last
    nrf_esb.o(i.on_radio_disabled_tx_noack) refers to nrf_esb.o(i.NVIC_SetPendingIRQ) for NVIC_SetPendingIRQ
    nrf_esb.o(i.on_radio_disabled_tx_noack) refers to nrf_esb.o(i.start_tx_transaction) for start_tx_transaction
    nrf_esb.o(i.on_radio_disabled_tx_noack) refers to nrf_esb.o(.data) for m_interrupt_flags
    nrf_esb.o(i.on_radio_disabled_tx_noack) refers to nrf_esb.o(.bss) for m_tx_fifo
    nrf_esb.o(i.on_radio_disabled_tx_wait_for_ack) refers to nrf_esb.o(i.tx_fifo_remove_last) for tx_fifo_remove_last
    nrf_esb.o(i.on_radio_disabled_tx_wait_for_ack) refers to nrf_esb.o(i.rx_fifo_push_rfbuf) for rx_fifo_push_rfbuf
    nrf_esb.o(i.on_radio_disabled_tx_wait_for_ack) refers to nrf_esb.o(i.NVIC_SetPendingIRQ) for NVIC_SetPendingIRQ
    nrf_esb.o(i.on_radio_disabled_tx_wait_for_ack) refers to nrf_esb.o(i.start_tx_transaction) for start_tx_transaction
    nrf_esb.o(i.on_radio_disabled_tx_wait_for_ack) refers to nrf_esb.o(.data) for m_interrupt_flags
    nrf_esb.o(i.on_radio_disabled_tx_wait_for_ack) refers to nrf_esb.o(.bss) for m_config_local
    nrf_esb.o(i.on_radio_disabled_tx_wait_for_ack) refers to nrf_esb.o(i.on_radio_disabled_tx) for on_radio_disabled_tx
    nrf_esb.o(i.reset_fifos) refers to nrf_esb.o(.bss) for m_tx_fifo
    nrf_esb.o(i.rx_fifo_push_rfbuf) refers to memcpya.o(.text) for __aeabi_memcpy
    nrf_esb.o(i.rx_fifo_push_rfbuf) refers to nrf_esb.o(.bss) for m_rx_fifo
    nrf_esb.o(i.start_tx_transaction) refers to memcpya.o(.text) for __aeabi_memcpy
    nrf_esb.o(i.start_tx_transaction) refers to nrf_esb.o(i.NVIC_ClearPendingIRQ) for NVIC_ClearPendingIRQ
    nrf_esb.o(i.start_tx_transaction) refers to nrf_esb.o(i.NVIC_EnableIRQ) for NVIC_EnableIRQ
    nrf_esb.o(i.start_tx_transaction) refers to nrf_esb.o(.data) for m_last_tx_attempts
    nrf_esb.o(i.start_tx_transaction) refers to nrf_esb.o(.bss) for m_tx_fifo
    nrf_esb.o(i.start_tx_transaction) refers to nrf_esb.o(i.on_radio_disabled_tx) for on_radio_disabled_tx
    nrf_esb.o(i.start_tx_transaction) refers to nrf_esb.o(i.on_radio_disabled_tx_noack) for on_radio_disabled_tx_noack
    nrf_esb.o(i.tx_fifo_remove_last) refers to nrf_esb.o(i.NVIC_DisableIRQ) for NVIC_DisableIRQ
    nrf_esb.o(i.tx_fifo_remove_last) refers to nrf_esb.o(i.NVIC_EnableIRQ) for NVIC_EnableIRQ
    nrf_esb.o(i.tx_fifo_remove_last) refers to nrf_esb.o(.bss) for m_tx_fifo
    nrf_esb.o(i.update_radio_addresses) refers to nrf_esb.o(i.addr_conv) for addr_conv
    nrf_esb.o(i.update_radio_addresses) refers to nrf_esb.o(i.bytewise_bit_swap) for bytewise_bit_swap
    nrf_esb.o(i.update_radio_addresses) refers to nrf_esb.o(.data) for m_esb_addr
    nrf_esb.o(i.update_radio_bitrate) refers to nrf_esb.o(.bss) for m_config_local
    nrf_esb.o(i.update_radio_bitrate) refers to nrf_esb.o(.data) for m_wait_for_ack_timeout_us
    nrf_esb.o(i.update_radio_crc) refers to nrf_esb.o(.bss) for m_config_local
    nrf_esb.o(i.update_radio_parameters) refers to nrf_esb.o(i.update_radio_tx_power) for update_radio_tx_power
    nrf_esb.o(i.update_radio_parameters) refers to nrf_esb.o(i.update_radio_bitrate) for update_radio_bitrate
    nrf_esb.o(i.update_radio_parameters) refers to nrf_esb.o(i.update_radio_protocol) for update_radio_protocol
    nrf_esb.o(i.update_radio_parameters) refers to nrf_esb.o(i.update_radio_crc) for update_radio_crc
    nrf_esb.o(i.update_radio_parameters) refers to nrf_esb.o(.bss) for m_config_local
    nrf_esb.o(i.update_radio_parameters) refers to nrf_esb.o(.data) for update_rf_payload_format
    nrf_esb.o(i.update_radio_protocol) refers to nrf_esb.o(.bss) for m_config_local
    nrf_esb.o(i.update_radio_protocol) refers to nrf_esb.o(i.update_rf_payload_format_esb_dpl) for update_rf_payload_format_esb_dpl
    nrf_esb.o(i.update_radio_protocol) refers to nrf_esb.o(.data) for update_rf_payload_format
    nrf_esb.o(i.update_radio_protocol) refers to nrf_esb.o(i.update_rf_payload_format_esb) for update_rf_payload_format_esb
    nrf_esb.o(i.update_radio_tx_power) refers to nrf_esb.o(.bss) for m_config_local
    nrf_esb.o(i.update_rf_payload_format_esb) refers to nrf_esb.o(.data) for m_esb_addr
    nrf_esb.o(i.update_rf_payload_format_esb_dpl) refers to nrf_esb.o(.data) for m_esb_addr
    segger_rtt.o(i.SEGGER_RTT_ConfigDownBuffer) refers to segger_rtt.o(i._DoInit) for _DoInit
    segger_rtt.o(i.SEGGER_RTT_ConfigDownBuffer) refers to segger_rtt.o(.bss) for _SEGGER_RTT
    segger_rtt.o(i.SEGGER_RTT_ConfigUpBuffer) refers to segger_rtt.o(i._DoInit) for _DoInit
    segger_rtt.o(i.SEGGER_RTT_ConfigUpBuffer) refers to segger_rtt.o(.bss) for _SEGGER_RTT
    segger_rtt.o(i.SEGGER_RTT_GetKey) refers to segger_rtt.o(i.SEGGER_RTT_Read) for SEGGER_RTT_Read
    segger_rtt.o(i.SEGGER_RTT_HasData) refers to segger_rtt.o(.bss) for _SEGGER_RTT
    segger_rtt.o(i.SEGGER_RTT_HasKey) refers to segger_rtt.o(i._DoInit) for _DoInit
    segger_rtt.o(i.SEGGER_RTT_HasKey) refers to segger_rtt.o(.bss) for _SEGGER_RTT
    segger_rtt.o(i.SEGGER_RTT_Init) refers to segger_rtt.o(i._DoInit) for _DoInit
    segger_rtt.o(i.SEGGER_RTT_Init) refers to segger_rtt.o(.bss) for _SEGGER_RTT
    segger_rtt.o(i.SEGGER_RTT_Read) refers to segger_rtt.o(i.SEGGER_RTT_ReadNoLock) for SEGGER_RTT_ReadNoLock
    segger_rtt.o(i.SEGGER_RTT_ReadNoLock) refers to segger_rtt.o(i._DoInit) for _DoInit
    segger_rtt.o(i.SEGGER_RTT_ReadNoLock) refers to memcpya.o(.text) for __aeabi_memcpy
    segger_rtt.o(i.SEGGER_RTT_ReadNoLock) refers to segger_rtt.o(.bss) for _SEGGER_RTT
    segger_rtt.o(i.SEGGER_RTT_SetNameDownBuffer) refers to segger_rtt.o(i._DoInit) for _DoInit
    segger_rtt.o(i.SEGGER_RTT_SetNameDownBuffer) refers to segger_rtt.o(.bss) for _SEGGER_RTT
    segger_rtt.o(i.SEGGER_RTT_SetNameUpBuffer) refers to segger_rtt.o(i._DoInit) for _DoInit
    segger_rtt.o(i.SEGGER_RTT_SetNameUpBuffer) refers to segger_rtt.o(.bss) for _SEGGER_RTT
    segger_rtt.o(i.SEGGER_RTT_SetTerminal) refers to segger_rtt.o(i._DoInit) for _DoInit
    segger_rtt.o(i.SEGGER_RTT_SetTerminal) refers to segger_rtt.o(i._WriteBlocking) for _WriteBlocking
    segger_rtt.o(i.SEGGER_RTT_SetTerminal) refers to segger_rtt.o(i._GetAvailWriteSpace) for _GetAvailWriteSpace
    segger_rtt.o(i.SEGGER_RTT_SetTerminal) refers to segger_rtt.o(i._WriteNoCheck) for _WriteNoCheck
    segger_rtt.o(i.SEGGER_RTT_SetTerminal) refers to segger_rtt.o(.bss) for _SEGGER_RTT
    segger_rtt.o(i.SEGGER_RTT_SetTerminal) refers to segger_rtt.o(.data) for _aTerminalId
    segger_rtt.o(i.SEGGER_RTT_TerminalOut) refers to segger_rtt.o(i._DoInit) for _DoInit
    segger_rtt.o(i.SEGGER_RTT_TerminalOut) refers to strlen.o(.text) for strlen
    segger_rtt.o(i.SEGGER_RTT_TerminalOut) refers to segger_rtt.o(i._GetAvailWriteSpace) for _GetAvailWriteSpace
    segger_rtt.o(i.SEGGER_RTT_TerminalOut) refers to segger_rtt.o(i._PostTerminalSwitch) for _PostTerminalSwitch
    segger_rtt.o(i.SEGGER_RTT_TerminalOut) refers to segger_rtt.o(i._WriteBlocking) for _WriteBlocking
    segger_rtt.o(i.SEGGER_RTT_TerminalOut) refers to segger_rtt.o(.bss) for _SEGGER_RTT
    segger_rtt.o(i.SEGGER_RTT_TerminalOut) refers to segger_rtt.o(.data) for _ActiveTerminal
    segger_rtt.o(i.SEGGER_RTT_WaitKey) refers to segger_rtt.o(i.SEGGER_RTT_GetKey) for SEGGER_RTT_GetKey
    segger_rtt.o(i.SEGGER_RTT_Write) refers to segger_rtt.o(i._DoInit) for _DoInit
    segger_rtt.o(i.SEGGER_RTT_Write) refers to segger_rtt.o(i.SEGGER_RTT_WriteNoLock) for SEGGER_RTT_WriteNoLock
    segger_rtt.o(i.SEGGER_RTT_Write) refers to segger_rtt.o(.bss) for _SEGGER_RTT
    segger_rtt.o(i.SEGGER_RTT_WriteNoLock) refers to segger_rtt.o(i._GetAvailWriteSpace) for _GetAvailWriteSpace
    segger_rtt.o(i.SEGGER_RTT_WriteNoLock) refers to segger_rtt.o(i._WriteNoCheck) for _WriteNoCheck
    segger_rtt.o(i.SEGGER_RTT_WriteNoLock) refers to segger_rtt.o(i._WriteBlocking) for _WriteBlocking
    segger_rtt.o(i.SEGGER_RTT_WriteNoLock) refers to segger_rtt.o(.bss) for _SEGGER_RTT
    segger_rtt.o(i.SEGGER_RTT_WriteSkipNoLock) refers to memcpya.o(.text) for __aeabi_memcpy
    segger_rtt.o(i.SEGGER_RTT_WriteSkipNoLock) refers to segger_rtt.o(.bss) for _SEGGER_RTT
    segger_rtt.o(i.SEGGER_RTT_WriteString) refers to strlen.o(.text) for strlen
    segger_rtt.o(i.SEGGER_RTT_WriteString) refers to segger_rtt.o(i.SEGGER_RTT_Write) for SEGGER_RTT_Write
    segger_rtt.o(i._DoInit) refers to strcpy.o(.text) for strcpy
    segger_rtt.o(i._DoInit) refers to segger_rtt.o(.bss) for _SEGGER_RTT
    segger_rtt.o(i._PostTerminalSwitch) refers to segger_rtt.o(i._WriteBlocking) for _WriteBlocking
    segger_rtt.o(i._PostTerminalSwitch) refers to segger_rtt.o(.data) for _aTerminalId
    segger_rtt.o(i._WriteBlocking) refers to memcpya.o(.text) for __aeabi_memcpy
    segger_rtt.o(i._WriteNoCheck) refers to memcpya.o(.text) for __aeabi_memcpy
    arm_startup_nrf51.o(RESET) refers to arm_startup_nrf51.o(STACK) for __initial_sp
    arm_startup_nrf51.o(RESET) refers to arm_startup_nrf51.o(.text) for Reset_Handler
    arm_startup_nrf51.o(RESET) refers to nrf_esb.o(i.RADIO_IRQHandler) for RADIO_IRQHandler
    arm_startup_nrf51.o(RESET) refers to nrf_drv_uart.o(i.UART0_IRQHandler) for UART0_IRQHandler
    arm_startup_nrf51.o(RESET) refers to main.o(i.TIMER0_IRQHandler) for TIMER0_IRQHandler
    arm_startup_nrf51.o(RESET) refers to nrf_esb.o(i.SWI0_IRQHandler) for SWI0_IRQHandler
    arm_startup_nrf51.o(.text) refers to system_nrf51.o(i.SystemInit) for SystemInit
    arm_startup_nrf51.o(.text) refers to entry.o(.ARM.Collect$$$$00000000) for __main
    system_nrf51.o(i.SystemCoreClockUpdate) refers to system_nrf51.o(.data) for SystemCoreClock
    system_nrf51.o(i.SystemInit) refers to system_nrf51.o(i.is_manual_peripheral_setup_needed) for is_manual_peripheral_setup_needed
    system_nrf51.o(i.SystemInit) refers to system_nrf51.o(i.is_disabled_in_debug_needed) for is_disabled_in_debug_needed
    system_nrf51.o(i.SystemInit) refers to system_nrf51.o(i.is_peripheral_domain_setup_needed) for is_peripheral_domain_setup_needed
    entry.o(.ARM.Collect$$$$00000000) refers (Special) to entry10a.o(.ARM.Collect$$$$0000000D) for __rt_final_cpp
    entry.o(.ARM.Collect$$$$00000000) refers (Special) to entry11a.o(.ARM.Collect$$$$0000000F) for __rt_final_exit
    entry.o(.ARM.Collect$$$$00000000) refers (Special) to entry7b.o(.ARM.Collect$$$$00000008) for _main_clock
    entry.o(.ARM.Collect$$$$00000000) refers (Special) to entry8b.o(.ARM.Collect$$$$0000000A) for _main_cpp_init
    entry.o(.ARM.Collect$$$$00000000) refers (Special) to entry9a.o(.ARM.Collect$$$$0000000B) for _main_init
    entry.o(.ARM.Collect$$$$00000000) refers (Special) to entry5.o(.ARM.Collect$$$$00000004) for _main_scatterload
    entry.o(.ARM.Collect$$$$00000000) refers (Special) to entry2.o(.ARM.Collect$$$$00000001) for _main_stk
    entry2.o(.ARM.Collect$$$$00000001) refers to entry2.o(.ARM.Collect$$$$00002712) for __lit__00000000
    entry2.o(.ARM.Collect$$$$00002712) refers to arm_startup_nrf51.o(STACK) for __initial_sp
    entry2.o(__vectab_stack_and_reset_area) refers to arm_startup_nrf51.o(STACK) for __initial_sp
    entry2.o(__vectab_stack_and_reset_area) refers to entry.o(.ARM.Collect$$$$00000000) for __main
    entry5.o(.ARM.Collect$$$$00000004) refers to init.o(.text) for __scatterload
    entry9a.o(.ARM.Collect$$$$0000000B) refers to main.o(i.main) for main
    entry9b.o(.ARM.Collect$$$$0000000C) refers to main.o(i.main) for main
    init.o(.text) refers to entry5.o(.ARM.Collect$$$$00000004) for __main_after_scatterload


==============================================================================

Removing Unused input sections from the image.

    Removing main.o(.rev16_text), (4 bytes).
    Removing main.o(.revsh_text), (4 bytes).
    Removing app_common.o(.rev16_text), (4 bytes).
    Removing app_common.o(.revsh_text), (4 bytes).
    Removing nrf_drv_common.o(.rev16_text), (4 bytes).
    Removing nrf_drv_common.o(.revsh_text), (4 bytes).
    Removing nrf_drv_common.o(i.NVIC_SetPriority), (120 bytes).
    Removing nrf_drv_common.o(i.nrf_drv_common_irq_enable), (56 bytes).
    Removing nrf_drv_uart.o(.rev16_text), (4 bytes).
    Removing nrf_drv_uart.o(.revsh_text), (4 bytes).
    Removing nrf_drv_uart.o(i.apply_config), (108 bytes).
    Removing nrf_drv_uart.o(i.nrf_drv_get_IRQn), (10 bytes).
    Removing nrf_drv_uart.o(i.nrf_drv_uart_errorsrc_get), (26 bytes).
    Removing nrf_drv_uart.o(i.nrf_drv_uart_init), (144 bytes).
    Removing nrf_drv_uart.o(i.nrf_drv_uart_rx), (112 bytes).
    Removing nrf_drv_uart.o(i.nrf_drv_uart_rx_abort), (24 bytes).
    Removing nrf_drv_uart.o(i.nrf_drv_uart_rx_disable), (32 bytes).
    Removing nrf_drv_uart.o(i.nrf_drv_uart_rx_enable), (48 bytes).
    Removing nrf_drv_uart.o(i.nrf_drv_uart_rx_for_uart), (200 bytes).
    Removing nrf_drv_uart.o(i.nrf_drv_uart_tx), (52 bytes).
    Removing nrf_drv_uart.o(i.nrf_drv_uart_tx_abort), (52 bytes).
    Removing nrf_drv_uart.o(i.nrf_drv_uart_tx_for_uart), (152 bytes).
    Removing nrf_drv_uart.o(i.nrf_drv_uart_tx_in_progress), (32 bytes).
    Removing nrf_drv_uart.o(i.nrf_drv_uart_uninit), (104 bytes).
    Removing nrf_drv_uart.o(i.nrf_gpio_cfg), (38 bytes).
    Removing nrf_drv_uart.o(i.nrf_gpio_cfg_default), (24 bytes).
    Removing nrf_drv_uart.o(i.nrf_gpio_cfg_input), (26 bytes).
    Removing nrf_drv_uart.o(i.nrf_gpio_cfg_output), (24 bytes).
    Removing nrf_drv_uart.o(i.nrf_gpio_pin_set), (16 bytes).
    Removing nrf_drv_uart.o(i.nrf_uart_hwfc_pins_set), (18 bytes).
    Removing nrf_drv_uart.o(i.nrf_uart_int_enable), (10 bytes).
    Removing nrf_drv_uart.o(i.nrf_uart_txrx_pins_set), (18 bytes).
    Removing nrf_drv_uart.o(i.pins_to_default), (122 bytes).
    Removing nrf_drv_uart.o(i.rx_enable), (34 bytes).
    Removing app_error.o(.rev16_text), (4 bytes).
    Removing app_error.o(.revsh_text), (4 bytes).
    Removing app_error.o(i.app_error_handler), (32 bytes).
    Removing app_error.o(i.app_error_handler_bare), (32 bytes).
    Removing app_error.o(i.app_error_save_and_stop), (140 bytes).
    Removing app_error.o(.bss), (32 bytes).
    Removing app_error_weak.o(.rev16_text), (4 bytes).
    Removing app_error_weak.o(.revsh_text), (4 bytes).
    Removing app_error_weak.o(i.app_error_fault_handler), (56 bytes).
    Removing app_util_platform.o(.rev16_text), (4 bytes).
    Removing app_util_platform.o(.revsh_text), (4 bytes).
    Removing app_util_platform.o(i.app_util_critical_region_enter), (10 bytes).
    Removing app_util_platform.o(i.app_util_critical_region_exit), (10 bytes).
    Removing app_util_platform.o(i.app_util_disable_irq), (20 bytes).
    Removing app_util_platform.o(i.app_util_enable_irq), (28 bytes).
    Removing app_util_platform.o(.data), (4 bytes).
    Removing nrf_assert.o(.rev16_text), (4 bytes).
    Removing nrf_assert.o(.revsh_text), (4 bytes).
    Removing nrf_assert.o(i.assert_nrf_callback), (28 bytes).
    Removing nrf_esb.o(.rev16_text), (4 bytes).
    Removing nrf_esb.o(.revsh_text), (4 bytes).
    Removing nrf_esb.o(i.nrf_esb_enable_pipes), (36 bytes).
    Removing nrf_esb.o(i.nrf_esb_get_rf_channel), (28 bytes).
    Removing nrf_esb.o(i.nrf_esb_pop_tx), (88 bytes).
    Removing nrf_esb.o(i.nrf_esb_set_address_length), (72 bytes).
    Removing nrf_esb.o(i.nrf_esb_set_tx_power), (48 bytes).
    Removing nrf_esb.o(i.nrf_esb_start_tx), (48 bytes).
    Removing nrf_esb.o(i.nrf_esb_suspend), (44 bytes).
    Removing nrf_esb.o(i.nrf_esb_update_prefix), (56 bytes).
    Removing segger_rtt.o(i.SEGGER_RTT_ConfigDownBuffer), (128 bytes).
    Removing segger_rtt.o(i.SEGGER_RTT_ConfigUpBuffer), (128 bytes).
    Removing segger_rtt.o(i.SEGGER_RTT_GetKey), (32 bytes).
    Removing segger_rtt.o(i.SEGGER_RTT_HasData), (24 bytes).
    Removing segger_rtt.o(i.SEGGER_RTT_HasKey), (44 bytes).
    Removing segger_rtt.o(i.SEGGER_RTT_Init), (24 bytes).
    Removing segger_rtt.o(i.SEGGER_RTT_Read), (28 bytes).
    Removing segger_rtt.o(i.SEGGER_RTT_ReadNoLock), (172 bytes).
    Removing segger_rtt.o(i.SEGGER_RTT_SetNameDownBuffer), (60 bytes).
    Removing segger_rtt.o(i.SEGGER_RTT_SetNameUpBuffer), (60 bytes).
    Removing segger_rtt.o(i.SEGGER_RTT_SetTerminal), (124 bytes).
    Removing segger_rtt.o(i.SEGGER_RTT_TerminalOut), (228 bytes).
    Removing segger_rtt.o(i.SEGGER_RTT_WaitKey), (14 bytes).
    Removing segger_rtt.o(i.SEGGER_RTT_Write), (48 bytes).
    Removing segger_rtt.o(i.SEGGER_RTT_WriteNoLock), (132 bytes).
    Removing segger_rtt.o(i.SEGGER_RTT_WriteSkipNoLock), (180 bytes).
    Removing segger_rtt.o(i.SEGGER_RTT_WriteString), (26 bytes).
    Removing segger_rtt.o(i._DoInit), (112 bytes).
    Removing segger_rtt.o(i._GetAvailWriteSpace), (28 bytes).
    Removing segger_rtt.o(i._PostTerminalSwitch), (36 bytes).
    Removing segger_rtt.o(i._WriteBlocking), (122 bytes).
    Removing segger_rtt.o(i._WriteNoCheck), (74 bytes).
    Removing segger_rtt.o(.bss), (1160 bytes).
    Removing segger_rtt.o(.data), (17 bytes).
    Removing arm_startup_nrf51.o(HEAP), (2048 bytes).
    Removing system_nrf51.o(.rev16_text), (4 bytes).
    Removing system_nrf51.o(.revsh_text), (4 bytes).
    Removing system_nrf51.o(i.SystemCoreClockUpdate), (16 bytes).

91 unused section(s) (total 7559 bytes) removed from the image.

==============================================================================

Image Symbol Table

    Local Symbols

    Symbol Name                              Value     Ov Type        Size  Object(Section)

    RESET                                    0x00000000   Section      192  arm_startup_nrf51.o(RESET)
    ../clib/microlib/init/entry.s            0x00000000   Number         0  entry10b.o ABSOLUTE
    ../clib/microlib/init/entry.s            0x00000000   Number         0  entry9a.o ABSOLUTE
    ../clib/microlib/init/entry.s            0x00000000   Number         0  entry2.o ABSOLUTE
    ../clib/microlib/init/entry.s            0x00000000   Number         0  entry8b.o ABSOLUTE
    ../clib/microlib/init/entry.s            0x00000000   Number         0  entry8a.o ABSOLUTE
    ../clib/microlib/init/entry.s            0x00000000   Number         0  entry5.o ABSOLUTE
    ../clib/microlib/init/entry.s            0x00000000   Number         0  entry7b.o ABSOLUTE
    ../clib/microlib/init/entry.s            0x00000000   Number         0  entry11b.o ABSOLUTE
    ../clib/microlib/init/entry.s            0x00000000   Number         0  entry7a.o ABSOLUTE
    ../clib/microlib/init/entry.s            0x00000000   Number         0  entry11a.o ABSOLUTE
    ../clib/microlib/init/entry.s            0x00000000   Number         0  entry.o ABSOLUTE
    ../clib/microlib/init/entry.s            0x00000000   Number         0  entry10a.o ABSOLUTE
    ../clib/microlib/init/entry.s            0x00000000   Number         0  entry9b.o ABSOLUTE
    ../clib/microlib/string/memcpy.c         0x00000000   Number         0  memcpyb.o ABSOLUTE
    ../clib/microlib/string/memcpy.c         0x00000000   Number         0  memcpya.o ABSOLUTE
    ../clib/microlib/string/memset.c         0x00000000   Number         0  memseta.o ABSOLUTE
    ../clib/microlib/string/strcpy.c         0x00000000   Number         0  strcpy.o ABSOLUTE
    ../clib/microlib/string/strlen.c         0x00000000   Number         0  strlen.o ABSOLUTE
    ..\..\..\..\..\..\components\drivers_nrf\common\nrf_drv_common.c 0x00000000   Number         0  nrf_drv_common.o ABSOLUTE
    ..\..\..\..\..\..\components\drivers_nrf\timer\nrf_drv_timer.c 0x00000000   Number         0  nrf_drv_timer.o ABSOLUTE
    ..\..\..\..\..\..\components\drivers_nrf\uart\nrf_drv_uart.c 0x00000000   Number         0  nrf_drv_uart.o ABSOLUTE
    ..\..\..\..\..\..\components\libraries\log\src\nrf_log_backend_serial.c 0x00000000   Number         0  nrf_log_backend_serial.o ABSOLUTE
    ..\..\..\..\..\..\components\libraries\log\src\nrf_log_frontend.c 0x00000000   Number         0  nrf_log_frontend.o ABSOLUTE
    ..\..\..\..\..\..\components\libraries\util\app_error.c 0x00000000   Number         0  app_error.o ABSOLUTE
    ..\..\..\..\..\..\components\libraries\util\app_error_weak.c 0x00000000   Number         0  app_error_weak.o ABSOLUTE
    ..\..\..\..\..\..\components\libraries\util\app_util_platform.c 0x00000000   Number         0  app_util_platform.o ABSOLUTE
    ..\..\..\..\..\..\components\libraries\util\nrf_assert.c 0x00000000   Number         0  nrf_assert.o ABSOLUTE
    ..\..\..\..\..\..\components\proprietary_rf\esb\nrf_esb.c 0x00000000   Number         0  nrf_esb.o ABSOLUTE
    ..\..\..\..\..\..\external\segger_rtt\RTT_Syscalls_KEIL.c 0x00000000   Number         0  rtt_syscalls_keil.o ABSOLUTE
    ..\..\..\..\..\..\external\segger_rtt\SEGGER_RTT.c 0x00000000   Number         0  segger_rtt.o ABSOLUTE
    ..\..\..\..\..\..\external\segger_rtt\SEGGER_RTT_printf.c 0x00000000   Number         0  segger_rtt_printf.o ABSOLUTE
    ..\..\..\..\common\app_common.c          0x00000000   Number         0  app_common.o ABSOLUTE
    ..\..\..\main.c                          0x00000000   Number         0  main.o ABSOLUTE
    ..\\..\\..\\..\\..\\..\\components\\drivers_nrf\\common\\nrf_drv_common.c 0x00000000   Number         0  nrf_drv_common.o ABSOLUTE
    ..\\..\\..\\..\\..\\..\\components\\drivers_nrf\\uart\\nrf_drv_uart.c 0x00000000   Number         0  nrf_drv_uart.o ABSOLUTE
    ..\\..\\..\\..\\..\\..\\components\\libraries\\util\\app_error.c 0x00000000   Number         0  app_error.o ABSOLUTE
    ..\\..\\..\\..\\..\\..\\components\\libraries\\util\\app_error_weak.c 0x00000000   Number         0  app_error_weak.o ABSOLUTE
    ..\\..\\..\\..\\..\\..\\components\\libraries\\util\\app_util_platform.c 0x00000000   Number         0  app_util_platform.o ABSOLUTE
    ..\\..\\..\\..\\..\\..\\components\\libraries\\util\\nrf_assert.c 0x00000000   Number         0  nrf_assert.o ABSOLUTE
    ..\\..\\..\\..\\..\\..\\components\\proprietary_rf\\esb\\nrf_esb.c 0x00000000   Number         0  nrf_esb.o ABSOLUTE
    ..\\..\\..\\..\\common\\app_common.c     0x00000000   Number         0  app_common.o ABSOLUTE
    ..\\..\\..\\main.c                       0x00000000   Number         0  main.o ABSOLUTE
    RTE\Device\nRF51422_xxAC\arm_startup_nrf51.s 0x00000000   Number         0  arm_startup_nrf51.o ABSOLUTE
    RTE\Device\nRF51422_xxAC\system_nrf51.c  0x00000000   Number         0  system_nrf51.o ABSOLUTE
    RTE\\Device\\nRF51422_xxAC\\system_nrf51.c 0x00000000   Number         0  system_nrf51.o ABSOLUTE
    dc.s                                     0x00000000   Number         0  dc.o ABSOLUTE
    handlers.s                               0x00000000   Number         0  handlers.o ABSOLUTE
    init.s                                   0x00000000   Number         0  init.o ABSOLUTE
    .ARM.Collect$$$$00000000                 0x000000c0   Section        0  entry.o(.ARM.Collect$$$$00000000)
    .ARM.Collect$$$$00000001                 0x000000c0   Section        4  entry2.o(.ARM.Collect$$$$00000001)
    .ARM.Collect$$$$00000004                 0x000000c4   Section        4  entry5.o(.ARM.Collect$$$$00000004)
    .ARM.Collect$$$$00000008                 0x000000c8   Section        0  entry7b.o(.ARM.Collect$$$$00000008)
    .ARM.Collect$$$$0000000A                 0x000000c8   Section        0  entry8b.o(.ARM.Collect$$$$0000000A)
    .ARM.Collect$$$$0000000B                 0x000000c8   Section        8  entry9a.o(.ARM.Collect$$$$0000000B)
    .ARM.Collect$$$$0000000D                 0x000000d0   Section        0  entry10a.o(.ARM.Collect$$$$0000000D)
    .ARM.Collect$$$$0000000F                 0x000000d0   Section        0  entry11a.o(.ARM.Collect$$$$0000000F)
    .ARM.Collect$$$$00002712                 0x000000d0   Section        4  entry2.o(.ARM.Collect$$$$00002712)
    __lit__00000000                          0x000000d0   Data           4  entry2.o(.ARM.Collect$$$$00002712)
    .text                                    0x000000d4   Section       56  arm_startup_nrf51.o(.text)
    .text                                    0x0000010c   Section        0  memcpya.o(.text)
    .text                                    0x00000130   Section        0  memseta.o(.text)
    .text                                    0x00000154   Section       36  init.o(.text)
    i.NVIC_ClearPendingIRQ                   0x00000178   Section        0  nrf_esb.o(i.NVIC_ClearPendingIRQ)
    NVIC_ClearPendingIRQ                     0x00000179   Thumb Code    14  nrf_esb.o(i.NVIC_ClearPendingIRQ)
    i.NVIC_DisableIRQ                        0x0000018c   Section        0  nrf_esb.o(i.NVIC_DisableIRQ)
    NVIC_DisableIRQ                          0x0000018d   Thumb Code    14  nrf_esb.o(i.NVIC_DisableIRQ)
    i.NVIC_EnableIRQ                         0x000001a0   Section        0  nrf_esb.o(i.NVIC_EnableIRQ)
    NVIC_EnableIRQ                           0x000001a1   Thumb Code    14  nrf_esb.o(i.NVIC_EnableIRQ)
    i.NVIC_SetPendingIRQ                     0x000001b4   Section        0  nrf_esb.o(i.NVIC_SetPendingIRQ)
    NVIC_SetPendingIRQ                       0x000001b5   Thumb Code    14  nrf_esb.o(i.NVIC_SetPendingIRQ)
    i.NVIC_SetPriority                       0x000001c8   Section        0  nrf_esb.o(i.NVIC_SetPriority)
    NVIC_SetPriority                         0x000001c9   Thumb Code   110  nrf_esb.o(i.NVIC_SetPriority)
    i.RADIO_IRQHandler                       0x00000240   Section        0  nrf_esb.o(i.RADIO_IRQHandler)
    i.SWI0_IRQHandler                        0x000002c0   Section        0  nrf_esb.o(i.SWI0_IRQHandler)
    i.SystemInit                             0x00000330   Section        0  system_nrf51.o(i.SystemInit)
    i.TIMER0_IRQHandler                      0x00000394   Section        0  main.o(i.TIMER0_IRQHandler)
    i.UART0_IRQHandler                       0x000003d8   Section        0  nrf_drv_uart.o(i.UART0_IRQHandler)
    i.__scatterload_copy                     0x000003ec   Section       14  handlers.o(i.__scatterload_copy)
    i.__scatterload_null                     0x000003fa   Section        2  handlers.o(i.__scatterload_null)
    i.__scatterload_zeroinit                 0x000003fc   Section       14  handlers.o(i.__scatterload_zeroinit)
    i.addr_conv                              0x0000040a   Section        0  nrf_esb.o(i.addr_conv)
    addr_conv                                0x0000040b   Thumb Code    14  nrf_esb.o(i.addr_conv)
    i.bytewise_bit_swap                      0x00000418   Section        0  nrf_esb.o(i.bytewise_bit_swap)
    bytewise_bit_swap                        0x00000419   Thumb Code    60  nrf_esb.o(i.bytewise_bit_swap)
    i.clear_events_restart_rx                0x00000460   Section        0  nrf_esb.o(i.clear_events_restart_rx)
    clear_events_restart_rx                  0x00000461   Thumb Code    70  nrf_esb.o(i.clear_events_restart_rx)
    i.clocks_start                           0x000004c4   Section        0  main.o(i.clocks_start)
    i.do_channel_list_generation             0x000004e0   Section        0  main.o(i.do_channel_list_generation)
    i.ds_get                                 0x000005c8   Section        0  app_common.o(i.ds_get)
    i.ds_update                              0x000005fc   Section        0  app_common.o(i.ds_update)
    i.enter_normal_mode                      0x00000694   Section        0  main.o(i.enter_normal_mode)
    i.enter_setup_mode                       0x000006d8   Section        0  main.o(i.enter_setup_mode)
    i.esb_init                               0x0000078c   Section        0  main.o(i.esb_init)
    i.gpio_init                              0x000007e4   Section        0  main.o(i.gpio_init)
    i.hop_channel                            0x00000830   Section        0  main.o(i.hop_channel)
    hop_channel                              0x00000831   Thumb Code    88  main.o(i.hop_channel)
    i.host_chip_id_read                      0x00000890   Section        0  main.o(i.host_chip_id_read)
    host_chip_id_read                        0x00000891   Thumb Code    30  main.o(i.host_chip_id_read)
    i.initialize_fifos                       0x000008b4   Section        0  nrf_esb.o(i.initialize_fifos)
    initialize_fifos                         0x000008b5   Thumb Code    56  nrf_esb.o(i.initialize_fifos)
    i.interval_timer_event_handler           0x000008fc   Section        0  main.o(i.interval_timer_event_handler)
    i.interval_timer_init                    0x0000093c   Section        0  main.o(i.interval_timer_init)
    i.interval_timer_start                   0x00000988   Section        0  main.o(i.interval_timer_start)
    i.interval_timer_stop                    0x000009a4   Section        0  main.o(i.interval_timer_stop)
    i.is_disabled_in_debug_needed            0x000009b0   Section        0  system_nrf51.o(i.is_disabled_in_debug_needed)
    is_disabled_in_debug_needed              0x000009b1   Thumb Code    52  system_nrf51.o(i.is_disabled_in_debug_needed)
    i.is_manual_peripheral_setup_needed      0x000009e8   Section        0  system_nrf51.o(i.is_manual_peripheral_setup_needed)
    is_manual_peripheral_setup_needed        0x000009e9   Thumb Code   104  system_nrf51.o(i.is_manual_peripheral_setup_needed)
    i.is_peripheral_domain_setup_needed      0x00000a54   Section        0  system_nrf51.o(i.is_peripheral_domain_setup_needed)
    is_peripheral_domain_setup_needed        0x00000a55   Thumb Code    78  system_nrf51.o(i.is_peripheral_domain_setup_needed)
    i.main                                   0x00000aa8   Section        0  main.o(i.main)
    i.nrf_esb_disable                        0x00000bdc   Section        0  nrf_esb.o(i.nrf_esb_disable)
    i.nrf_esb_error_handler                  0x00000c24   Section        0  main.o(i.nrf_esb_error_handler)
    i.nrf_esb_event_handler                  0x00000c5c   Section        0  main.o(i.nrf_esb_event_handler)
    i.nrf_esb_flush_rx                       0x00000e6c   Section        0  nrf_esb.o(i.nrf_esb_flush_rx)
    i.nrf_esb_flush_tx                       0x00000eac   Section        0  nrf_esb.o(i.nrf_esb_flush_tx)
    i.nrf_esb_get_clear_interrupts           0x00000ee0   Section        0  nrf_esb.o(i.nrf_esb_get_clear_interrupts)
    nrf_esb_get_clear_interrupts             0x00000ee1   Thumb Code    60  nrf_esb.o(i.nrf_esb_get_clear_interrupts)
    i.nrf_esb_init                           0x00000f24   Section        0  nrf_esb.o(i.nrf_esb_init)
    i.nrf_esb_is_idle                        0x00000fd0   Section        0  nrf_esb.o(i.nrf_esb_is_idle)
    i.nrf_esb_read_rx_payload                0x00000fe4   Section        0  nrf_esb.o(i.nrf_esb_read_rx_payload)
    i.nrf_esb_set_base_address_0             0x0000108c   Section        0  nrf_esb.o(i.nrf_esb_set_base_address_0)
    i.nrf_esb_set_base_address_1             0x000010c8   Section        0  nrf_esb.o(i.nrf_esb_set_base_address_1)
    i.nrf_esb_set_prefixes                   0x00001104   Section        0  nrf_esb.o(i.nrf_esb_set_prefixes)
    i.nrf_esb_set_rf_channel                 0x00001164   Section        0  nrf_esb.o(i.nrf_esb_set_rf_channel)
    i.nrf_esb_start_rx                       0x00001194   Section        0  nrf_esb.o(i.nrf_esb_start_rx)
    i.nrf_esb_stop_rx                        0x00001228   Section        0  nrf_esb.o(i.nrf_esb_stop_rx)
    i.nrf_esb_write_payload                  0x0000127c   Section        0  nrf_esb.o(i.nrf_esb_write_payload)
    i.nrf_gpio_cfg                           0x00001388   Section        0  main.o(i.nrf_gpio_cfg)
    nrf_gpio_cfg                             0x00001389   Thumb Code    38  main.o(i.nrf_gpio_cfg)
    i.nrf_gpio_cfg_output                    0x000013ae   Section        0  main.o(i.nrf_gpio_cfg_output)
    nrf_gpio_cfg_output                      0x000013af   Thumb Code    24  main.o(i.nrf_gpio_cfg_output)
    i.nrf_gpio_pin_clear                     0x000013c8   Section        0  main.o(i.nrf_gpio_pin_clear)
    nrf_gpio_pin_clear                       0x000013c9   Thumb Code    10  main.o(i.nrf_gpio_pin_clear)
    i.nrf_gpio_pin_set                       0x000013d8   Section        0  main.o(i.nrf_gpio_pin_set)
    nrf_gpio_pin_set                         0x000013d9   Thumb Code    10  main.o(i.nrf_gpio_pin_set)
    i.nrf_gpio_pin_toggle                    0x000013e8   Section        0  main.o(i.nrf_gpio_pin_toggle)
    nrf_gpio_pin_toggle                      0x000013e9   Thumb Code    30  main.o(i.nrf_gpio_pin_toggle)
    i.nrf_uart_errorsrc_get_and_clear        0x0000140c   Section        0  nrf_drv_uart.o(i.nrf_uart_errorsrc_get_and_clear)
    nrf_uart_errorsrc_get_and_clear          0x0000140d   Thumb Code    20  nrf_drv_uart.o(i.nrf_uart_errorsrc_get_and_clear)
    i.nrf_uart_event_check                   0x00001420   Section        0  nrf_drv_uart.o(i.nrf_uart_event_check)
    nrf_uart_event_check                     0x00001421   Thumb Code    16  nrf_drv_uart.o(i.nrf_uart_event_check)
    i.nrf_uart_event_clear                   0x00001430   Section        0  nrf_drv_uart.o(i.nrf_uart_event_clear)
    nrf_uart_event_clear                     0x00001431   Thumb Code     6  nrf_drv_uart.o(i.nrf_uart_event_clear)
    i.nrf_uart_int_disable                   0x00001436   Section        0  nrf_drv_uart.o(i.nrf_uart_int_disable)
    nrf_uart_int_disable                     0x00001437   Thumb Code    10  nrf_drv_uart.o(i.nrf_uart_int_disable)
    i.nrf_uart_int_enable_check              0x00001440   Section        0  nrf_drv_uart.o(i.nrf_uart_int_enable_check)
    nrf_uart_int_enable_check                0x00001441   Thumb Code    24  nrf_drv_uart.o(i.nrf_uart_int_enable_check)
    i.nrf_uart_task_trigger                  0x00001458   Section        0  nrf_drv_uart.o(i.nrf_uart_task_trigger)
    nrf_uart_task_trigger                    0x00001459   Thumb Code     6  nrf_drv_uart.o(i.nrf_uart_task_trigger)
    i.on_radio_disabled_rx                   0x00001460   Section        0  nrf_esb.o(i.on_radio_disabled_rx)
    on_radio_disabled_rx                     0x00001461   Thumb Code   394  nrf_esb.o(i.on_radio_disabled_rx)
    i.on_radio_disabled_rx_ack               0x00001628   Section        0  nrf_esb.o(i.on_radio_disabled_rx_ack)
    on_radio_disabled_rx_ack                 0x00001629   Thumb Code    40  nrf_esb.o(i.on_radio_disabled_rx_ack)
    i.on_radio_disabled_tx                   0x00001670   Section        0  nrf_esb.o(i.on_radio_disabled_tx)
    on_radio_disabled_tx                     0x00001671   Thumb Code   104  nrf_esb.o(i.on_radio_disabled_tx)
    i.on_radio_disabled_tx_noack             0x00001710   Section        0  nrf_esb.o(i.on_radio_disabled_tx_noack)
    on_radio_disabled_tx_noack               0x00001711   Thumb Code    50  nrf_esb.o(i.on_radio_disabled_tx_noack)
    i.on_radio_disabled_tx_wait_for_ack      0x00001750   Section        0  nrf_esb.o(i.on_radio_disabled_tx_wait_for_ack)
    on_radio_disabled_tx_wait_for_ack        0x00001751   Thumb Code   284  nrf_esb.o(i.on_radio_disabled_tx_wait_for_ack)
    i.ppi_init                               0x000018bc   Section        0  nrf_esb.o(i.ppi_init)
    ppi_init                                 0x000018bd   Thumb Code    78  nrf_esb.o(i.ppi_init)
    i.reset_fifos                            0x00001920   Section        0  nrf_esb.o(i.reset_fifos)
    reset_fifos                              0x00001921   Thumb Code    20  nrf_esb.o(i.reset_fifos)
    i.rx_byte                                0x0000193c   Section        0  nrf_drv_uart.o(i.rx_byte)
    rx_byte                                  0x0000193d   Thumb Code    72  nrf_drv_uart.o(i.rx_byte)
    i.rx_done_event                          0x00001984   Section        0  nrf_drv_uart.o(i.rx_done_event)
    rx_done_event                            0x00001985   Thumb Code    28  nrf_drv_uart.o(i.rx_done_event)
    i.rx_fifo_push_rfbuf                     0x000019a0   Section        0  nrf_esb.o(i.rx_fifo_push_rfbuf)
    rx_fifo_push_rfbuf                       0x000019a1   Thumb Code   194  nrf_esb.o(i.rx_fifo_push_rfbuf)
    i.send_beacon                            0x00001a74   Section        0  main.o(i.send_beacon)
    send_beacon                              0x00001a75   Thumb Code    88  main.o(i.send_beacon)
    i.start_tx_transaction                   0x00001adc   Section        0  nrf_esb.o(i.start_tx_transaction)
    start_tx_transaction                     0x00001add   Thumb Code   338  nrf_esb.o(i.start_tx_transaction)
    i.sys_timer_init                         0x00001c74   Section        0  nrf_esb.o(i.sys_timer_init)
    sys_timer_init                           0x00001c75   Thumb Code    18  nrf_esb.o(i.sys_timer_init)
    i.tx_byte                                0x00001c94   Section        0  nrf_drv_uart.o(i.tx_byte)
    tx_byte                                  0x00001c95   Thumb Code    42  nrf_drv_uart.o(i.tx_byte)
    i.tx_done_event                          0x00001cbe   Section        0  nrf_drv_uart.o(i.tx_done_event)
    tx_done_event                            0x00001cbf   Thumb Code    34  nrf_drv_uart.o(i.tx_done_event)
    i.tx_fifo_remove_last                    0x00001ce0   Section        0  nrf_esb.o(i.tx_fifo_remove_last)
    tx_fifo_remove_last                      0x00001ce1   Thumb Code    50  nrf_esb.o(i.tx_fifo_remove_last)
    i.uart_irq_handler                       0x00001d18   Section        0  nrf_drv_uart.o(i.uart_irq_handler)
    uart_irq_handler                         0x00001d19   Thumb Code   344  nrf_drv_uart.o(i.uart_irq_handler)
    i.update_radio_addresses                 0x00001e70   Section        0  nrf_esb.o(i.update_radio_addresses)
    update_radio_addresses                   0x00001e71   Thumb Code    76  nrf_esb.o(i.update_radio_addresses)
    i.update_radio_bitrate                   0x00001ec4   Section        0  nrf_esb.o(i.update_radio_bitrate)
    update_radio_bitrate                     0x00001ec5   Thumb Code    68  nrf_esb.o(i.update_radio_bitrate)
    i.update_radio_crc                       0x00001f14   Section        0  nrf_esb.o(i.update_radio_crc)
    update_radio_crc                         0x00001f15   Thumb Code    48  nrf_esb.o(i.update_radio_crc)
    i.update_radio_parameters                0x00001f54   Section        0  nrf_esb.o(i.update_radio_parameters)
    update_radio_parameters                  0x00001f55   Thumb Code    30  nrf_esb.o(i.update_radio_parameters)
    i.update_radio_protocol                  0x00001f7c   Section        0  nrf_esb.o(i.update_radio_protocol)
    update_radio_protocol                    0x00001f7d   Thumb Code    34  nrf_esb.o(i.update_radio_protocol)
    i.update_radio_tx_power                  0x00001fb0   Section        0  nrf_esb.o(i.update_radio_tx_power)
    update_radio_tx_power                    0x00001fb1   Thumb Code    10  nrf_esb.o(i.update_radio_tx_power)
    i.update_rf_payload_format_esb           0x00001fc4   Section        0  nrf_esb.o(i.update_rf_payload_format_esb)
    update_rf_payload_format_esb             0x00001fc5   Thumb Code    32  nrf_esb.o(i.update_rf_payload_format_esb)
    i.update_rf_payload_format_esb_dpl       0x00001ff0   Section        0  nrf_esb.o(i.update_rf_payload_format_esb_dpl)
    update_rf_payload_format_esb_dpl         0x00001ff1   Thumb Code    30  nrf_esb.o(i.update_rf_payload_format_esb_dpl)
    .constdata                               0x0000201c   Section       60  main.o(.constdata)
    .data                                    0x20000000   Section       57  main.o(.data)
    g_beacon                                 0x2000000d   Data          37  main.o(.data)
    .data                                    0x2000003c   Section       60  nrf_esb.o(.data)
    m_esb_initialized                        0x2000003c   Data           1  nrf_esb.o(.data)
    m_nrf_esb_mainstate                      0x2000003d   Data           1  nrf_esb.o(.data)
    mp_current_payload                       0x20000040   Data           4  nrf_esb.o(.data)
    m_event_handler                          0x20000044   Data           4  nrf_esb.o(.data)
    m_esb_addr                               0x20000048   Data          20  nrf_esb.o(.data)
    m_interrupt_flags                        0x2000005c   Data           4  nrf_esb.o(.data)
    m_retransmits_remaining                  0x20000060   Data           4  nrf_esb.o(.data)
    m_last_tx_attempts                       0x20000064   Data           4  nrf_esb.o(.data)
    m_wait_for_ack_timeout_us                0x20000068   Data           4  nrf_esb.o(.data)
    on_radio_disabled                        0x2000006c   Data           4  nrf_esb.o(.data)
    on_radio_end                             0x20000070   Data           4  nrf_esb.o(.data)
    update_rf_payload_format                 0x20000074   Data           4  nrf_esb.o(.data)
    .data                                    0x20000078   Section        4  system_nrf51.o(.data)
    __tagsym$$used                           0x20000078   Number         0  system_nrf51.o(.data)
    .bss                                     0x2000007c   Section       52  main.o(.bss)
    .bss                                     0x200000b0   Section       28  nrf_drv_uart.o(.bss)
    m_cb                                     0x200000b0   Data          28  nrf_drv_uart.o(.bss)
    .bss                                     0x200000cc   Section      818  nrf_esb.o(.bss)
    m_config_local                           0x200000cc   Data          24  nrf_esb.o(.bss)
    m_tx_fifo_payload                        0x200000e4   Data         296  nrf_esb.o(.bss)
    m_tx_fifo                                0x2000020c   Data          44  nrf_esb.o(.bss)
    m_rx_fifo_payload                        0x20000238   Data         296  nrf_esb.o(.bss)
    m_rx_fifo                                0x20000360   Data          44  nrf_esb.o(.bss)
    m_tx_payload_buffer                      0x2000038c   Data          34  nrf_esb.o(.bss)
    m_rx_payload_buffer                      0x200003ae   Data          34  nrf_esb.o(.bss)
    m_pids                                   0x200003d0   Data           9  nrf_esb.o(.bss)
    m_rx_pipe_info                           0x200003da   Data          36  nrf_esb.o(.bss)
    STACK                                    0x20000400   Section     2048  arm_startup_nrf51.o(STACK)

    Global Symbols

    Symbol Name                              Value     Ov Type        Size  Object(Section)

    BuildAttributes$$THM_ISAv3M$S$PE$A:L22$X:L11$S22$IEEE1$IW$USESV6$~STKCKD$USESV7$~SHL$OSPACE$EBA8$MICROLIB$REQ8$PRES8$EABIv2 0x00000000   Number         0  anon$$obj.o ABSOLUTE
    __ARM_use_no_argv                        0x00000000   Number         0  main.o ABSOLUTE
    __Vectors                                0x00000000   Data           4  arm_startup_nrf51.o(RESET)
    __cpp_initialize__aeabi_                  - Undefined Weak Reference
    __cxa_finalize                            - Undefined Weak Reference
    __decompress                              - Undefined Weak Reference
    _clock_init                               - Undefined Weak Reference
    _microlib_exit                            - Undefined Weak Reference
    __Vectors_End                            0x000000c0   Data           0  arm_startup_nrf51.o(RESET)
    __Vectors_Size                           0x000000c0   Number         0  arm_startup_nrf51.o ABSOLUTE
    __main                                   0x000000c1   Thumb Code     0  entry.o(.ARM.Collect$$$$00000000)
    _main_stk                                0x000000c1   Thumb Code     0  entry2.o(.ARM.Collect$$$$00000001)
    _main_scatterload                        0x000000c5   Thumb Code     0  entry5.o(.ARM.Collect$$$$00000004)
    __main_after_scatterload                 0x000000c9   Thumb Code     0  entry5.o(.ARM.Collect$$$$00000004)
    _main_clock                              0x000000c9   Thumb Code     0  entry7b.o(.ARM.Collect$$$$00000008)
    _main_cpp_init                           0x000000c9   Thumb Code     0  entry8b.o(.ARM.Collect$$$$0000000A)
    _main_init                               0x000000c9   Thumb Code     0  entry9a.o(.ARM.Collect$$$$0000000B)
    __rt_final_cpp                           0x000000d1   Thumb Code     0  entry10a.o(.ARM.Collect$$$$0000000D)
    __rt_final_exit                          0x000000d1   Thumb Code     0  entry11a.o(.ARM.Collect$$$$0000000F)
    Reset_Handler                            0x000000d5   Thumb Code    26  arm_startup_nrf51.o(.text)
    NMI_Handler                              0x000000ef   Thumb Code     2  arm_startup_nrf51.o(.text)
    HardFault_Handler                        0x000000f1   Thumb Code     2  arm_startup_nrf51.o(.text)
    SVC_Handler                              0x000000f3   Thumb Code     2  arm_startup_nrf51.o(.text)
    PendSV_Handler                           0x000000f5   Thumb Code     2  arm_startup_nrf51.o(.text)
    SysTick_Handler                          0x000000f7   Thumb Code     2  arm_startup_nrf51.o(.text)
    ADC_IRQHandler                           0x000000f9   Thumb Code     0  arm_startup_nrf51.o(.text)
    CCM_AAR_IRQHandler                       0x000000f9   Thumb Code     0  arm_startup_nrf51.o(.text)
    ECB_IRQHandler                           0x000000f9   Thumb Code     0  arm_startup_nrf51.o(.text)
    GPIOTE_IRQHandler                        0x000000f9   Thumb Code     0  arm_startup_nrf51.o(.text)
    LPCOMP_IRQHandler                        0x000000f9   Thumb Code     0  arm_startup_nrf51.o(.text)
    POWER_CLOCK_IRQHandler                   0x000000f9   Thumb Code     0  arm_startup_nrf51.o(.text)
    QDEC_IRQHandler                          0x000000f9   Thumb Code     0  arm_startup_nrf51.o(.text)
    RNG_IRQHandler                           0x000000f9   Thumb Code     0  arm_startup_nrf51.o(.text)
    RTC0_IRQHandler                          0x000000f9   Thumb Code     0  arm_startup_nrf51.o(.text)
    RTC1_IRQHandler                          0x000000f9   Thumb Code     0  arm_startup_nrf51.o(.text)
    SPI0_TWI0_IRQHandler                     0x000000f9   Thumb Code     0  arm_startup_nrf51.o(.text)
    SPI1_TWI1_IRQHandler                     0x000000f9   Thumb Code     0  arm_startup_nrf51.o(.text)
    SWI1_IRQHandler                          0x000000f9   Thumb Code     0  arm_startup_nrf51.o(.text)
    SWI2_IRQHandler                          0x000000f9   Thumb Code     0  arm_startup_nrf51.o(.text)
    SWI3_IRQHandler                          0x000000f9   Thumb Code     0  arm_startup_nrf51.o(.text)
    SWI4_IRQHandler                          0x000000f9   Thumb Code     0  arm_startup_nrf51.o(.text)
    SWI5_IRQHandler                          0x000000f9   Thumb Code     0  arm_startup_nrf51.o(.text)
    TEMP_IRQHandler                          0x000000f9   Thumb Code     0  arm_startup_nrf51.o(.text)
    TIMER1_IRQHandler                        0x000000f9   Thumb Code     0  arm_startup_nrf51.o(.text)
    TIMER2_IRQHandler                        0x000000f9   Thumb Code     0  arm_startup_nrf51.o(.text)
    WDT_IRQHandler                           0x000000f9   Thumb Code     0  arm_startup_nrf51.o(.text)
    __aeabi_memcpy                           0x0000010d   Thumb Code    36  memcpya.o(.text)
    __aeabi_memcpy4                          0x0000010d   Thumb Code     0  memcpya.o(.text)
    __aeabi_memcpy8                          0x0000010d   Thumb Code     0  memcpya.o(.text)
    __aeabi_memset                           0x00000131   Thumb Code    14  memseta.o(.text)
    __aeabi_memset4                          0x00000131   Thumb Code     0  memseta.o(.text)
    __aeabi_memset8                          0x00000131   Thumb Code     0  memseta.o(.text)
    __aeabi_memclr                           0x0000013f   Thumb Code     4  memseta.o(.text)
    __aeabi_memclr4                          0x0000013f   Thumb Code     0  memseta.o(.text)
    __aeabi_memclr8                          0x0000013f   Thumb Code     0  memseta.o(.text)
    _memset$wrapper                          0x00000143   Thumb Code    18  memseta.o(.text)
    __scatterload                            0x00000155   Thumb Code    28  init.o(.text)
    __scatterload_rt2                        0x00000155   Thumb Code     0  init.o(.text)
    RADIO_IRQHandler                         0x00000241   Thumb Code   110  nrf_esb.o(i.RADIO_IRQHandler)
    SWI0_IRQHandler                          0x000002c1   Thumb Code   102  nrf_esb.o(i.SWI0_IRQHandler)
    SystemInit                               0x00000331   Thumb Code    76  system_nrf51.o(i.SystemInit)
    TIMER0_IRQHandler                        0x00000395   Thumb Code    54  main.o(i.TIMER0_IRQHandler)
    UART0_IRQHandler                         0x000003d9   Thumb Code    12  nrf_drv_uart.o(i.UART0_IRQHandler)
    __scatterload_copy                       0x000003ed   Thumb Code    14  handlers.o(i.__scatterload_copy)
    __scatterload_null                       0x000003fb   Thumb Code     2  handlers.o(i.__scatterload_null)
    __scatterload_zeroinit                   0x000003fd   Thumb Code    14  handlers.o(i.__scatterload_zeroinit)
    clocks_start                             0x000004c5   Thumb Code    24  main.o(i.clocks_start)
    do_channel_list_generation               0x000004e1   Thumb Code   212  main.o(i.do_channel_list_generation)
    ds_get                                   0x000005c9   Thumb Code    50  app_common.o(i.ds_get)
    ds_update                                0x000005fd   Thumb Code   142  app_common.o(i.ds_update)
    enter_normal_mode                        0x00000695   Thumb Code    46  main.o(i.enter_normal_mode)
    enter_setup_mode                         0x000006d9   Thumb Code   146  main.o(i.enter_setup_mode)
    esb_init                                 0x0000078d   Thumb Code    78  main.o(i.esb_init)
    gpio_init                                0x000007e5   Thumb Code    76  main.o(i.gpio_init)
    interval_timer_event_handler             0x000008fd   Thumb Code    54  main.o(i.interval_timer_event_handler)
    interval_timer_init                      0x0000093d   Thumb Code    56  main.o(i.interval_timer_init)
    interval_timer_start                     0x00000989   Thumb Code    20  main.o(i.interval_timer_start)
    interval_timer_stop                      0x000009a5   Thumb Code     8  main.o(i.interval_timer_stop)
    main                                     0x00000aa9   Thumb Code   276  main.o(i.main)
    nrf_esb_disable                          0x00000bdd   Thumb Code    52  nrf_esb.o(i.nrf_esb_disable)
    nrf_esb_error_handler                    0x00000c25   Thumb Code    48  main.o(i.nrf_esb_error_handler)
    nrf_esb_event_handler                    0x00000c5d   Thumb Code   500  main.o(i.nrf_esb_event_handler)
    nrf_esb_flush_rx                         0x00000e6d   Thumb Code    52  nrf_esb.o(i.nrf_esb_flush_rx)
    nrf_esb_flush_tx                         0x00000ead   Thumb Code    44  nrf_esb.o(i.nrf_esb_flush_tx)
    nrf_esb_init                             0x00000f25   Thumb Code   142  nrf_esb.o(i.nrf_esb_init)
    nrf_esb_is_idle                          0x00000fd1   Thumb Code    16  nrf_esb.o(i.nrf_esb_is_idle)
    nrf_esb_read_rx_payload                  0x00000fe5   Thumb Code   158  nrf_esb.o(i.nrf_esb_read_rx_payload)
    nrf_esb_set_base_address_0               0x0000108d   Thumb Code    52  nrf_esb.o(i.nrf_esb_set_base_address_0)
    nrf_esb_set_base_address_1               0x000010c9   Thumb Code    52  nrf_esb.o(i.nrf_esb_set_base_address_1)
    nrf_esb_set_prefixes                     0x00001105   Thumb Code    86  nrf_esb.o(i.nrf_esb_set_prefixes)
    nrf_esb_set_rf_channel                   0x00001165   Thumb Code    38  nrf_esb.o(i.nrf_esb_set_rf_channel)
    nrf_esb_start_rx                         0x00001195   Thumb Code   108  nrf_esb.o(i.nrf_esb_start_rx)
    nrf_esb_stop_rx                          0x00001229   Thumb Code    60  nrf_esb.o(i.nrf_esb_stop_rx)
    nrf_esb_write_payload                    0x0000127d   Thumb Code   246  nrf_esb.o(i.nrf_esb_write_payload)
    gca_pairing_chlist                       0x0000201c   Data           3  main.o(.constdata)
    gca_available_chlist                     0x0000201f   Data          30  main.o(.constdata)
    Region$$Table$$Base                      0x00002058   Number         0  anon$$obj.o(Region$$Table)
    Region$$Table$$Limit                     0x00002078   Number         0  anon$$obj.o(Region$$Table)
    ga_chlist                                0x20000000   Data           3  main.o(.data)
    g_mode                                   0x20000003   Data           1  main.o(.data)
    g_esb_init                               0x20000004   Data           1  main.o(.data)
    g_pairing_timeout                        0x20000008   Data           4  main.o(.data)
    g_cur_ch_idx                             0x2000000c   Data           1  main.o(.data)
    g_base_addr_1                            0x20000032   Data           4  main.o(.data)
    g_cur_pairing_dev_type                   0x20000036   Data           1  main.o(.data)
    g_devs_paired_mask                       0x20000037   Data           1  main.o(.data)
    g_devs_data_recv_mask                    0x20000038   Data           1  main.o(.data)
    SystemCoreClock                          0x20000078   Data           4  system_nrf51.o(.data)
    rx_payload                               0x2000007c   Data          37  main.o(.bss)
    g_ds                                     0x200000a4   Data          12  main.o(.bss)
    __initial_sp                             0x20000c00   Data           0  arm_startup_nrf51.o(STACK)



==============================================================================

Memory Map of the image

  Image Entry point : 0x000000c1

  Load Region LR_IROM1 (Base: 0x00000000, Size: 0x000020f4, Max: 0x00040000, ABSOLUTE)

    Execution Region ER_IROM1 (Base: 0x00000000, Size: 0x00002078, Max: 0x00040000, ABSOLUTE)

    Base Addr    Size         Type   Attr      Idx    E Section Name        Object

    0x00000000   0x000000c0   Data   RO         1184    RESET               arm_startup_nrf51.o
    0x000000c0   0x00000000   Code   RO         1236  * .ARM.Collect$$$$00000000  mc_p.l(entry.o)
    0x000000c0   0x00000004   Code   RO         1249    .ARM.Collect$$$$00000001  mc_p.l(entry2.o)
    0x000000c4   0x00000004   Code   RO         1252    .ARM.Collect$$$$00000004  mc_p.l(entry5.o)
    0x000000c8   0x00000000   Code   RO         1254    .ARM.Collect$$$$00000008  mc_p.l(entry7b.o)
    0x000000c8   0x00000000   Code   RO         1256    .ARM.Collect$$$$0000000A  mc_p.l(entry8b.o)
    0x000000c8   0x00000008   Code   RO         1257    .ARM.Collect$$$$0000000B  mc_p.l(entry9a.o)
    0x000000d0   0x00000000   Code   RO         1259    .ARM.Collect$$$$0000000D  mc_p.l(entry10a.o)
    0x000000d0   0x00000000   Code   RO         1261    .ARM.Collect$$$$0000000F  mc_p.l(entry11a.o)
    0x000000d0   0x00000004   Code   RO         1250    .ARM.Collect$$$$00002712  mc_p.l(entry2.o)
    0x000000d4   0x00000038   Code   RO         1185    .text               arm_startup_nrf51.o
    0x0000010c   0x00000024   Code   RO         1239    .text               mc_p.l(memcpya.o)
    0x00000130   0x00000024   Code   RO         1241    .text               mc_p.l(memseta.o)
    0x00000154   0x00000024   Code   RO         1263    .text               mc_p.l(init.o)
    0x00000178   0x00000014   Code   RO          729    i.NVIC_ClearPendingIRQ  nrf_esb.o
    0x0000018c   0x00000014   Code   RO          730    i.NVIC_DisableIRQ   nrf_esb.o
    0x000001a0   0x00000014   Code   RO          731    i.NVIC_EnableIRQ    nrf_esb.o
    0x000001b4   0x00000014   Code   RO          732    i.NVIC_SetPendingIRQ  nrf_esb.o
    0x000001c8   0x00000078   Code   RO          733    i.NVIC_SetPriority  nrf_esb.o
    0x00000240   0x00000080   Code   RO          734    i.RADIO_IRQHandler  nrf_esb.o
    0x000002c0   0x00000070   Code   RO          735    i.SWI0_IRQHandler   nrf_esb.o
    0x00000330   0x00000064   Code   RO         1192    i.SystemInit        system_nrf51.o
    0x00000394   0x00000044   Code   RO            3    i.TIMER0_IRQHandler  main.o
    0x000003d8   0x00000014   Code   RO          354    i.UART0_IRQHandler  nrf_drv_uart.o
    0x000003ec   0x0000000e   Code   RO         1267    i.__scatterload_copy  mc_p.l(handlers.o)
    0x000003fa   0x00000002   Code   RO         1268    i.__scatterload_null  mc_p.l(handlers.o)
    0x000003fc   0x0000000e   Code   RO         1269    i.__scatterload_zeroinit  mc_p.l(handlers.o)
    0x0000040a   0x0000000e   Code   RO          736    i.addr_conv         nrf_esb.o
    0x00000418   0x00000048   Code   RO          737    i.bytewise_bit_swap  nrf_esb.o
    0x00000460   0x00000064   Code   RO          738    i.clear_events_restart_rx  nrf_esb.o
    0x000004c4   0x0000001c   Code   RO            4    i.clocks_start      main.o
    0x000004e0   0x000000e8   Code   RO            5    i.do_channel_list_generation  main.o
    0x000005c8   0x00000032   Code   RO          290    i.ds_get            app_common.o
    0x000005fa   0x00000002   PAD
    0x000005fc   0x00000098   Code   RO          291    i.ds_update         app_common.o
    0x00000694   0x00000044   Code   RO            6    i.enter_normal_mode  main.o
    0x000006d8   0x000000b4   Code   RO            7    i.enter_setup_mode  main.o
    0x0000078c   0x00000058   Code   RO            8    i.esb_init          main.o
    0x000007e4   0x0000004c   Code   RO            9    i.gpio_init         main.o
    0x00000830   0x00000060   Code   RO           10    i.hop_channel       main.o
    0x00000890   0x00000024   Code   RO           11    i.host_chip_id_read  main.o
    0x000008b4   0x00000048   Code   RO          739    i.initialize_fifos  nrf_esb.o
    0x000008fc   0x00000040   Code   RO           12    i.interval_timer_event_handler  main.o
    0x0000093c   0x0000004c   Code   RO           13    i.interval_timer_init  main.o
    0x00000988   0x0000001c   Code   RO           14    i.interval_timer_start  main.o
    0x000009a4   0x0000000c   Code   RO           15    i.interval_timer_stop  main.o
    0x000009b0   0x00000038   Code   RO         1193    i.is_disabled_in_debug_needed  system_nrf51.o
    0x000009e8   0x0000006c   Code   RO         1194    i.is_manual_peripheral_setup_needed  system_nrf51.o
    0x00000a54   0x00000054   Code   RO         1195    i.is_peripheral_domain_setup_needed  system_nrf51.o
    0x00000aa8   0x00000134   Code   RO           16    i.main              main.o
    0x00000bdc   0x00000048   Code   RO          740    i.nrf_esb_disable   nrf_esb.o
    0x00000c24   0x00000038   Code   RO           17    i.nrf_esb_error_handler  main.o
    0x00000c5c   0x00000210   Code   RO           18    i.nrf_esb_event_handler  main.o
    0x00000e6c   0x00000040   Code   RO          742    i.nrf_esb_flush_rx  nrf_esb.o
    0x00000eac   0x00000034   Code   RO          743    i.nrf_esb_flush_tx  nrf_esb.o
    0x00000ee0   0x00000044   Code   RO          744    i.nrf_esb_get_clear_interrupts  nrf_esb.o
    0x00000f24   0x000000ac   Code   RO          746    i.nrf_esb_init      nrf_esb.o
    0x00000fd0   0x00000014   Code   RO          747    i.nrf_esb_is_idle   nrf_esb.o
    0x00000fe4   0x000000a8   Code   RO          749    i.nrf_esb_read_rx_payload  nrf_esb.o
    0x0000108c   0x0000003c   Code   RO          751    i.nrf_esb_set_base_address_0  nrf_esb.o
    0x000010c8   0x0000003c   Code   RO          752    i.nrf_esb_set_base_address_1  nrf_esb.o
    0x00001104   0x00000060   Code   RO          753    i.nrf_esb_set_prefixes  nrf_esb.o
    0x00001164   0x00000030   Code   RO          754    i.nrf_esb_set_rf_channel  nrf_esb.o
    0x00001194   0x00000094   Code   RO          756    i.nrf_esb_start_rx  nrf_esb.o
    0x00001228   0x00000054   Code   RO          758    i.nrf_esb_stop_rx   nrf_esb.o
    0x0000127c   0x0000010c   Code   RO          761    i.nrf_esb_write_payload  nrf_esb.o
    0x00001388   0x00000026   Code   RO           19    i.nrf_gpio_cfg      main.o
    0x000013ae   0x00000018   Code   RO           20    i.nrf_gpio_cfg_output  main.o
    0x000013c6   0x00000002   PAD
    0x000013c8   0x00000010   Code   RO           21    i.nrf_gpio_pin_clear  main.o
    0x000013d8   0x00000010   Code   RO           22    i.nrf_gpio_pin_set  main.o
    0x000013e8   0x00000024   Code   RO           23    i.nrf_gpio_pin_toggle  main.o
    0x0000140c   0x00000014   Code   RO          374    i.nrf_uart_errorsrc_get_and_clear  nrf_drv_uart.o
    0x00001420   0x00000010   Code   RO          375    i.nrf_uart_event_check  nrf_drv_uart.o
    0x00001430   0x00000006   Code   RO          376    i.nrf_uart_event_clear  nrf_drv_uart.o
    0x00001436   0x0000000a   Code   RO          378    i.nrf_uart_int_disable  nrf_drv_uart.o
    0x00001440   0x00000018   Code   RO          380    i.nrf_uart_int_enable_check  nrf_drv_uart.o
    0x00001458   0x00000006   Code   RO          381    i.nrf_uart_task_trigger  nrf_drv_uart.o
    0x0000145e   0x00000002   PAD
    0x00001460   0x000001c8   Code   RO          762    i.on_radio_disabled_rx  nrf_esb.o
    0x00001628   0x00000048   Code   RO          763    i.on_radio_disabled_rx_ack  nrf_esb.o
    0x00001670   0x000000a0   Code   RO          764    i.on_radio_disabled_tx  nrf_esb.o
    0x00001710   0x00000040   Code   RO          765    i.on_radio_disabled_tx_noack  nrf_esb.o
    0x00001750   0x0000016c   Code   RO          766    i.on_radio_disabled_tx_wait_for_ack  nrf_esb.o
    0x000018bc   0x00000064   Code   RO          767    i.ppi_init          nrf_esb.o
    0x00001920   0x0000001c   Code   RO          768    i.reset_fifos       nrf_esb.o
    0x0000193c   0x00000048   Code   RO          384    i.rx_byte           nrf_drv_uart.o
    0x00001984   0x0000001c   Code   RO          385    i.rx_done_event     nrf_drv_uart.o
    0x000019a0   0x000000d4   Code   RO          769    i.rx_fifo_push_rfbuf  nrf_esb.o
    0x00001a74   0x00000068   Code   RO           24    i.send_beacon       main.o
    0x00001adc   0x00000198   Code   RO          770    i.start_tx_transaction  nrf_esb.o
    0x00001c74   0x00000020   Code   RO          771    i.sys_timer_init    nrf_esb.o
    0x00001c94   0x0000002a   Code   RO          387    i.tx_byte           nrf_drv_uart.o
    0x00001cbe   0x00000022   Code   RO          388    i.tx_done_event     nrf_drv_uart.o
    0x00001ce0   0x00000038   Code   RO          772    i.tx_fifo_remove_last  nrf_esb.o
    0x00001d18   0x00000158   Code   RO          389    i.uart_irq_handler  nrf_drv_uart.o
    0x00001e70   0x00000054   Code   RO          773    i.update_radio_addresses  nrf_esb.o
    0x00001ec4   0x00000050   Code   RO          774    i.update_radio_bitrate  nrf_esb.o
    0x00001f14   0x00000040   Code   RO          775    i.update_radio_crc  nrf_esb.o
    0x00001f54   0x00000028   Code   RO          776    i.update_radio_parameters  nrf_esb.o
    0x00001f7c   0x00000034   Code   RO          777    i.update_radio_protocol  nrf_esb.o
    0x00001fb0   0x00000014   Code   RO          778    i.update_radio_tx_power  nrf_esb.o
    0x00001fc4   0x0000002c   Code   RO          779    i.update_rf_payload_format_esb  nrf_esb.o
    0x00001ff0   0x0000002c   Code   RO          780    i.update_rf_payload_format_esb_dpl  nrf_esb.o
    0x0000201c   0x0000003c   Data   RO           26    .constdata          main.o
    0x00002058   0x00000020   Data   RO         1265    Region$$Table       anon$$obj.o


    Execution Region RW_IRAM1 (Base: 0x20000000, Size: 0x00000c00, Max: 0x00008000, ABSOLUTE)

    Base Addr    Size         Type   Attr      Idx    E Section Name        Object

    0x20000000   0x00000039   Data   RW           27    .data               main.o
    0x20000039   0x00000003   PAD
    0x2000003c   0x0000003c   Data   RW          782    .data               nrf_esb.o
    0x20000078   0x00000004   Data   RW         1196    .data               system_nrf51.o
    0x2000007c   0x00000034   Zero   RW           25    .bss                main.o
    0x200000b0   0x0000001c   Zero   RW          390    .bss                nrf_drv_uart.o
    0x200000cc   0x00000332   Zero   RW          781    .bss                nrf_esb.o
    0x200003fe   0x00000002   PAD
    0x20000400   0x00000800   Zero   RW         1182    STACK               arm_startup_nrf51.o


==============================================================================

Image component sizes


      Code (inc. data)   RO Data    RW Data    ZI Data      Debug   Object Name

       202         10          0          0          0       2193   app_common.o
        56         18        192          0       2048        756   arm_startup_nrf51.o
      2178        262         60         57         52      53610   main.o
       622          8          0          0         28      17519   nrf_drv_uart.o
      4458        816          0         60        818      39967   nrf_esb.o
       348         38          0          4          0       2903   system_nrf51.o

    ----------------------------------------------------------------------
      7870       1152        284        124       2948     116948   Object Totals
         0          0         32          0          0          0   (incl. Generated)
         6          0          0          3          2          0   (incl. Padding)

    ----------------------------------------------------------------------

      Code (inc. data)   RO Data    RW Data    ZI Data      Debug   Library Member Name

         0          0          0          0          0          0   entry.o
         0          0          0          0          0          0   entry10a.o
         0          0          0          0          0          0   entry11a.o
         8          4          0          0          0          0   entry2.o
         4          0          0          0          0          0   entry5.o
         0          0          0          0          0          0   entry7b.o
         0          0          0          0          0          0   entry8b.o
         8          4          0          0          0          0   entry9a.o
        30          0          0          0          0          0   handlers.o
        36          8          0          0          0         68   init.o
        36          0          0          0          0         60   memcpya.o
        36          0          0          0          0        100   memseta.o

    ----------------------------------------------------------------------
       158         16          0          0          0        228   Library Totals
         0          0          0          0          0          0   (incl. Padding)

    ----------------------------------------------------------------------

      Code (inc. data)   RO Data    RW Data    ZI Data      Debug   Library Name

       158         16          0          0          0        228   mc_p.l

    ----------------------------------------------------------------------
       158         16          0          0          0        228   Library Totals

    ----------------------------------------------------------------------

==============================================================================


      Code (inc. data)   RO Data    RW Data    ZI Data      Debug   

      8028       1168        284        124       2948     113764   Grand Totals
      8028       1168        284        124       2948     113764   ELF Image Totals
      8028       1168        284        124          0          0   ROM Totals

==============================================================================

    Total RO  Size (Code + RO Data)                 8312 (   8.12kB)
    Total RW  Size (RW Data + ZI Data)              3072 (   3.00kB)
    Total ROM Size (Code + RO Data + RW Data)       8436 (   8.24kB)

==============================================================================

